10-06 09:14  === launch profile b200: seeds [7, 99, 256, 11, 22, 33, 44, 55], folds ['holes', 'breakage', 'burnt', 'colour_diff', 'colour_same', 'scratches'], 16 arms, stages ['plan', 'generate', 'refine', 'dtd', 'cutmix', 'check', 'train', 'tables'], gen procs 8, train slots 8, gpus 1
10-06 09:15  seed 7 plan: rc [0] in 0.1 min
10-06 09:28  === launch profile b200: seeds [7, 99, 256, 11, 22, 33, 44, 55], folds ['holes', 'breakage', 'burnt', 'colour_diff', 'colour_same', 'scratches'], 16 arms, stages ['plan', 'generate', 'refine', 'dtd', 'cutmix', 'check', 'train', 'tables'], gen procs 8, train slots 8, gpus 1
10-06 09:28  seed 7 plan: rc [0] in 0.1 min
10-06 09:35  === launch profile b200: seeds [7, 99, 256, 11, 22, 33, 44, 55], folds ['holes', 'breakage', 'burnt', 'colour_diff', 'colour_same', 'scratches'], 16 arms, stages ['plan', 'generate', 'refine', 'dtd', 'cutmix', 'check', 'train', 'tables'], gen procs 12, train slots 8, gpus 1
10-06 09:35  seed 7 plan: rc [0] in 0.1 min
10-06 10:49  seed 7 generate: rc [0, 0, 0, 0, 0, 0, 0, 0, 0, 0, 0, 0] in 74.2 min
10-06 10:56  seed 7 refine: rc [0, 0, 0, 0, 0, 0, 0, 0, 0, 0, 0, 0] in 7.0 min
10-06 10:57  seed 7 dtd: rc [0, 0, 0, 0, 0, 0, 0, 0, 0, 0, 0, 0] in 0.6 min
10-06 10:59  seed 7 cutmix: rc [0, 0, 0, 0, 0, 0, 0, 0, 0, 0, 0, 0] in 2.2 min
10-06 11:00  seed 7 check: rc [0] in 1.3 min
10-06 11:00  seed 7: training 96 runs, 8 at a time
10-06 11:06  seed 7 fold holes m1: rc 0, 5.2 min
10-06 11:11  seed 7 fold holes diffusion_in_s1: rc 0, 9.1 min
10-06 11:12  seed 7 fold holes dtd_s1: rc 0, 9.3 min
10-06 11:12  seed 7 fold holes diffusion_cross_s1: rc 0, 9.2 min
10-06 11:13  seed 7 fold holes diffusion_in_s2: rc 0, 9.3 min
10-06 11:14  seed 7 fold holes cutmix_s1: rc 0, 9.3 min
10-06 11:15  seed 7 fold holes diffusion_cross_s2: rc 0, 9.5 min
10-06 11:16  seed 7 fold holes dtd_s2: rc 0, 9.9 min
10-06 11:17  seed 7 fold holes cutmix_s2: rc 0, 9.8 min
10-06 11:21  seed 7 fold holes diffusion_in_s3: rc 0, 9.6 min
10-06 11:22  seed 7 fold holes diffusion_cross_s3: rc 0, 9.8 min
10-06 11:23  seed 7 fold holes dtd_s3: rc 0, 9.6 min
10-06 11:24  seed 7 fold breakage m1: rc 0, 6.4 min
10-06 11:24  seed 7 fold holes cutmix_s3: rc 0, 10.1 min
10-06 11:24  seed 7 fold holes diffusion_in_s4: rc 0, 9.7 min
10-06 11:25  seed 7 fold holes diffusion_cross_s4: rc 0, 9.8 min
10-06 11:27  seed 7 fold holes diffusion_cross_s5: rc 0, 10.0 min
10-06 11:32  seed 7 fold breakage diffusion_in_s1: rc 0, 10.0 min
10-06 11:33  seed 7 fold breakage diffusion_cross_s1: rc 0, 10.2 min
10-06 11:34  seed 7 fold breakage dtd_s1: rc 0, 10.3 min
10-06 11:35  seed 7 fold breakage cutmix_s1: rc 0, 10.1 min
10-06 11:35  seed 7 fold breakage diffusion_in_s2: rc 0, 10.0 min
10-06 11:36  seed 7 fold breakage diffusion_cross_s2: rc 0, 9.9 min
10-06 11:37  seed 7 fold breakage dtd_s2: rc 0, 9.8 min
10-06 11:37  seed 7 fold breakage cutmix_s2: rc 0, 9.7 min
10-06 11:42  seed 7 fold breakage diffusion_in_s3: rc 0, 9.8 min
10-06 11:44  seed 7 fold breakage diffusion_cross_s3: rc 0, 9.8 min
10-06 11:44  seed 7 fold burnt m1: rc 0, 5.2 min
10-06 11:45  seed 7 fold breakage dtd_s3: rc 0, 10.0 min
10-06 11:46  seed 7 fold breakage cutmix_s3: rc 0, 10.0 min
10-06 11:46  seed 7 fold breakage diffusion_in_s4: rc 0, 9.8 min
10-06 11:47  seed 7 fold breakage diffusion_cross_s4: rc 0, 9.9 min
10-06 11:48  seed 7 fold breakage diffusion_cross_s5: rc 0, 10.1 min
10-06 11:51  seed 7 fold burnt diffusion_in_s1: rc 0, 7.5 min
10-06 11:52  seed 7 fold burnt diffusion_cross_s1: rc 0, 7.7 min
10-06 11:53  seed 7 fold burnt dtd_s1: rc 0, 7.7 min
10-06 11:54  seed 7 fold burnt cutmix_s1: rc 0, 7.9 min
10-06 11:54  seed 7 fold burnt diffusion_in_s2: rc 0, 7.8 min
10-06 11:56  seed 7 fold burnt diffusion_cross_s2: rc 0, 8.3 min
10-06 11:56  seed 7 fold burnt dtd_s2: rc 0, 8.1 min
10-06 11:57  seed 7 fold burnt cutmix_s2: rc 0, 8.1 min
10-06 11:59  seed 7 fold burnt diffusion_in_s3: rc 0, 7.9 min
10-06 12:01  seed 7 fold burnt diffusion_cross_s3: rc 0, 8.1 min
10-06 12:01  seed 7 fold burnt dtd_s3: rc 0, 7.8 min
10-06 12:02  seed 7 fold burnt cutmix_s3: rc 0, 7.9 min
10-06 12:03  seed 7 fold colour_diff m1: rc 0, 4.8 min
10-06 12:03  seed 7 fold burnt diffusion_in_s4: rc 0, 7.8 min
10-06 12:04  seed 7 fold burnt diffusion_cross_s4: rc 0, 7.8 min
10-06 12:05  seed 7 fold burnt diffusion_cross_s5: rc 0, 7.6 min
10-06 12:07  seed 7 fold colour_diff diffusion_in_s1: rc 0, 7.2 min
10-06 12:09  seed 7 fold colour_diff diffusion_cross_s1: rc 0, 7.5 min
10-06 12:10  seed 7 fold colour_diff dtd_s1: rc 0, 7.7 min
10-06 12:11  seed 7 fold colour_diff cutmix_s1: rc 0, 7.5 min
10-06 12:12  seed 7 fold colour_diff diffusion_in_s2: rc 0, 7.8 min
10-06 12:13  seed 7 fold colour_diff diffusion_cross_s2: rc 0, 7.9 min
10-06 12:13  seed 7 fold colour_diff dtd_s2: rc 0, 7.7 min
10-06 12:14  seed 7 fold colour_diff cutmix_s2: rc 0, 7.7 min
10-06 12:16  seed 7 fold colour_diff diffusion_in_s3: rc 0, 7.9 min
10-06 12:18  seed 7 fold colour_diff diffusion_cross_s3: rc 0, 7.9 min
10-06 12:19  seed 7 fold colour_diff dtd_s3: rc 0, 7.7 min
10-06 12:19  seed 7 fold colour_diff cutmix_s3: rc 0, 7.6 min
10-06 12:20  seed 7 fold colour_same m1: rc 0, 5.1 min
10-06 12:20  seed 7 fold colour_diff diffusion_in_s4: rc 0, 7.6 min
10-06 12:21  seed 7 fold colour_diff diffusion_cross_s4: rc 0, 7.5 min
10-06 12:22  seed 7 fold colour_diff diffusion_cross_s5: rc 0, 7.7 min
10-06 12:24  seed 7 fold colour_same diffusion_in_s1: rc 0, 7.7 min
10-06 12:26  seed 7 fold colour_same diffusion_cross_s1: rc 0, 7.8 min
10-06 12:27  seed 7 fold colour_same dtd_s1: rc 0, 7.7 min
10-06 12:28  seed 7 fold colour_same cutmix_s1: rc 0, 7.7 min
10-06 12:29  seed 7 fold colour_same diffusion_in_s2: rc 0, 8.2 min
10-06 12:30  seed 7 fold colour_same diffusion_cross_s2: rc 0, 8.0 min
10-06 12:30  seed 7 fold colour_same dtd_s2: rc 0, 7.8 min
10-06 12:31  seed 7 fold colour_same cutmix_s2: rc 0, 7.9 min
10-06 12:33  seed 7 fold colour_same diffusion_in_s3: rc 0, 7.6 min
10-06 12:35  seed 7 fold colour_same diffusion_cross_s3: rc 0, 7.7 min
10-06 12:35  seed 7 fold colour_same dtd_s3: rc 0, 7.6 min
10-06 12:36  seed 7 fold colour_same cutmix_s3: rc 0, 7.8 min
10-06 12:37  seed 7 fold scratches m1: rc 0, 5.4 min
10-06 12:38  seed 7 fold colour_same diffusion_in_s4: rc 0, 7.7 min
10-06 12:38  seed 7 fold colour_same diffusion_cross_s4: rc 0, 7.6 min
10-06 12:39  seed 7 fold colour_same diffusion_cross_s5: rc 0, 7.6 min
10-06 12:42  seed 7 fold scratches diffusion_in_s1: rc 0, 8.4 min
10-06 12:44  seed 7 fold scratches diffusion_cross_s1: rc 0, 8.5 min
10-06 12:45  seed 7 fold scratches dtd_s1: rc 0, 8.5 min
10-06 12:46  seed 7 fold scratches cutmix_s1: rc 0, 8.6 min
10-06 12:47  seed 7 fold scratches diffusion_in_s2: rc 0, 8.6 min
10-06 12:48  seed 7 fold scratches diffusion_cross_s2: rc 0, 8.7 min
10-06 12:48  seed 7 fold scratches dtd_s2: rc 0, 8.6 min
10-06 12:49  seed 7 fold scratches cutmix_s2: rc 0, 8.4 min
10-06 12:51  seed 7 fold scratches diffusion_in_s3: rc 0, 8.3 min
10-06 12:53  seed 7 fold scratches diffusion_cross_s3: rc 0, 8.2 min
10-06 12:54  seed 7 fold scratches dtd_s3: rc 0, 8.2 min
10-06 12:55  seed 7 fold scratches cutmix_s3: rc 0, 8.3 min
10-06 12:56  seed 7 fold scratches diffusion_in_s4: rc 0, 7.9 min
10-06 12:56  seed 7 fold scratches diffusion_cross_s4: rc 0, 7.9 min
10-06 12:57  seed 7 fold scratches diffusion_cross_s5: rc 0, 7.9 min
10-06 13:01  seed 99 plan: rc [0] in 3.4 min
