10-04 09:25  === launch profile b200: seeds [42], folds ['holes', 'breakage'], 16 arms, stages ['plan', 'generate', 'refine', 'dtd', 'cutmix', 'check', 'train', 'tables'], gen procs 8, train slots 8, gpus 4 (MIG slices) pinned: MIG-c6413fba-982b-5c64-816a-ec7bb489bde3 MIG-7d21c460-9c64-5f2a-9226-1ff58813e009 MIG-3a091ffb-1cfb-5ced-8220-c2e6e530fb4a MIG-368218a4-1edd-51ae-a937-55fa46adf748
10-04 09:27  seed 42 plan: rc [0] in 2.4 min
10-04 19:27  === launch profile b200: seeds [42], folds ['holes', 'breakage'], 16 arms, stages ['plan', 'generate', 'refine', 'dtd', 'cutmix', 'check', 'train', 'tables'], gen procs 8, train slots 8, gpus 4 (MIG slices) pinned: MIG-743ed09f-d8fe-52d8-a4aa-9aaf93d243d3 MIG-7d21c460-9c64-5f2a-9226-1ff58813e009 MIG-299ec16f-ba68-5df8-b196-656d302a2d36 MIG-d4df41c7-ec65-5c1c-bcea-2bcc3432e8b8
10-04 19:27  seed 42 plan: rc [0] in 0.1 min
10-04 19:31  === launch profile b200: seeds [42, 123, 7, 99, 256, 11, 22, 33, 44, 55], folds ['holes', 'breakage', 'burnt', 'colour_diff', 'colour_same', 'scratches'], 16 arms, stages ['plan', 'generate', 'refine', 'dtd', 'cutmix', 'check', 'train', 'tables'], gen procs 8, train slots 8, gpus 4 (MIG slices) pinned: MIG-743ed09f-d8fe-52d8-a4aa-9aaf93d243d3 MIG-7d21c460-9c64-5f2a-9226-1ff58813e009 MIG-299ec16f-ba68-5df8-b196-656d302a2d36 MIG-d4df41c7-ec65-5c1c-bcea-2bcc3432e8b8
10-04 19:32  === launch profile b200: seeds [42, 123, 7, 99, 256, 11, 22, 33, 44, 55], folds ['holes', 'breakage', 'burnt', 'colour_diff', 'colour_same', 'scratches'], 16 arms, stages ['plan', 'generate', 'refine', 'dtd', 'cutmix', 'check', 'train', 'tables'], gen procs 8, train slots 8, gpus 4 (MIG slices) pinned: MIG-743ed09f-d8fe-52d8-a4aa-9aaf93d243d3 MIG-7d21c460-9c64-5f2a-9226-1ff58813e009 MIG-299ec16f-ba68-5df8-b196-656d302a2d36 MIG-d4df41c7-ec65-5c1c-bcea-2bcc3432e8b8
10-04 19:33  seed 42 plan: rc [0] in 0.7 min
10-04 21:17  seed 42 generate: rc [0, 0, 0, 0, 0, 0, 0, 0] in 104.0 min
10-05 00:44  seed 42 refine: rc [0, 0, 0, 0, 0, 0, 0, 0] in 207.6 min
10-05 00:45  seed 42 dtd: rc [1, 1, 1, 1, 1, 1, 1, 1, 1, 1, 1, 1] in 0.1 min
10-05 00:45  seed 42: STOP, dtd failed (see /work/Jobs/data/other/speciale/results/open_set_v2/logs)
10-05 07:54  === launch profile b200: seeds [42, 123, 7, 99, 256, 11, 22, 33, 44, 55], folds ['holes', 'breakage', 'burnt', 'colour_diff', 'colour_same', 'scratches'], 16 arms, stages ['plan', 'generate', 'refine', 'dtd', 'cutmix', 'check', 'train', 'tables'], gen procs 8, train slots 8, gpus 4 (MIG slices) pinned: MIG-743ed09f-d8fe-52d8-a4aa-9aaf93d243d3 MIG-7d21c460-9c64-5f2a-9226-1ff58813e009 MIG-299ec16f-ba68-5df8-b196-656d302a2d36 MIG-d4df41c7-ec65-5c1c-bcea-2bcc3432e8b8
10-05 07:55  seed 42 plan: rc [0] in 0.1 min
10-05 07:59  seed 42 generate: rc [0, 0, 0, 0, 0, 0, 0, 0] in 4.5 min
10-05 07:59  seed 42 refine: rc [0, 0, 0, 0, 0, 0, 0, 0] in 0.1 min
10-05 08:00  seed 42 dtd: rc [0, 0, 0, 0, 0, 0, 0, 0, 0, 0, 0, 0] in 0.9 min
10-05 08:03  seed 42 cutmix: rc [0, 0, 0, 0, 0, 0, 0, 0, 0, 0, 0, 0] in 3.0 min
10-05 08:04  seed 42 check: rc [0] in 1.2 min
10-05 08:04  seed 42: training 96 runs, 8 at a time
10-05 08:13  seed 42 fold holes m1: rc 0, 7.4 min
10-05 08:19  seed 42 fold holes diffusion_in_s1: rc 0, 13.1 min
10-05 08:20  seed 42 fold holes diffusion_cross_s1: rc 0, 13.1 min
10-05 08:21  seed 42 fold holes dtd_s1: rc 0, 13.6 min
10-05 08:23  seed 42 fold holes diffusion_in_s2: rc 0, 14.5 min
10-05 08:24  seed 42 fold holes cutmix_s1: rc 0, 16.0 min
10-05 08:25  seed 42 fold holes diffusion_cross_s2: rc 0, 15.3 min
10-05 08:26  seed 42 fold holes dtd_s2: rc 0, 15.5 min
10-05 08:30  seed 42 fold holes cutmix_s2: rc 0, 16.2 min
10-05 08:36  seed 42 fold holes diffusion_cross_s3: rc 0, 15.3 min
10-05 08:37  seed 42 fold holes diffusion_in_s3: rc 0, 17.3 min
10-05 08:37  seed 42 fold holes dtd_s3: rc 0, 15.7 min
10-05 08:40  seed 42 fold breakage m1: rc 0, 10.0 min
10-05 08:41  seed 42 fold holes diffusion_cross_s4: rc 0, 15.2 min
10-05 08:42  seed 42 fold holes diffusion_in_s4: rc 0, 17.2 min
10-05 08:43  seed 42 fold holes cutmix_s3: rc 0, 18.3 min
10-05 08:44  seed 42 fold holes diffusion_cross_s5: rc 0, 16.8 min
10-05 08:54  seed 42 fold breakage diffusion_in_s1: rc 0, 17.7 min
10-05 08:55  seed 42 fold breakage dtd_s1: rc 0, 16.2 min
10-05 08:57  seed 42 fold breakage diffusion_cross_s1: rc 0, 18.7 min
10-05 08:59  seed 42 fold breakage diffusion_in_s2: rc 0, 17.0 min
10-05 09:00  seed 42 fold breakage cutmix_s1: rc 0, 19.1 min
10-05 09:02  seed 42 fold breakage cutmix_s2: rc 0, 17.4 min
10-05 09:03  seed 42 fold breakage dtd_s2: rc 0, 19.0 min
10-05 09:03  seed 42 fold breakage diffusion_cross_s2: rc 0, 19.8 min
10-05 09:11  seed 42 fold burnt m1: rc 0, 7.0 min
10-05 09:12  seed 42 fold breakage diffusion_in_s3: rc 0, 17.0 min
10-05 09:13  seed 42 fold breakage diffusion_cross_s3: rc 0, 17.0 min
10-05 09:17  seed 42 fold breakage dtd_s3: rc 0, 20.0 min
10-05 09:18  seed 42 fold breakage cutmix_s3: rc 0, 18.1 min
10-05 09:20  seed 42 fold breakage diffusion_in_s4: rc 0, 19.4 min
10-05 09:21  seed 42 fold breakage diffusion_cross_s4: rc 0, 18.0 min
10-05 09:24  seed 42 fold breakage diffusion_cross_s5: rc 0, 20.3 min
10-05 09:30  seed 42 fold burnt diffusion_in_s1: rc 0, 17.8 min
10-05 09:31  seed 42 fold burnt diffusion_cross_s1: rc 0, 18.1 min
10-05 09:32  seed 42 fold burnt dtd_s1: rc 0, 18.2 min
10-05 09:36  seed 42 fold burnt cutmix_s1: rc 0, 18.2 min
10-05 09:37  seed 42 fold burnt diffusion_in_s2: rc 0, 17.7 min
10-05 09:40  seed 42 fold burnt diffusion_cross_s2: rc 0, 18.6 min
10-05 09:40  seed 42 fold burnt dtd_s2: rc 0, 18.0 min
10-05 09:43  seed 42 fold burnt cutmix_s2: rc 0, 18.8 min
10-05 09:49  seed 42 fold burnt diffusion_in_s3: rc 0, 18.4 min
10-05 09:50  seed 42 fold burnt diffusion_cross_s3: rc 0, 17.8 min
10-05 09:51  seed 42 fold burnt dtd_s3: rc 0, 18.1 min
10-05 09:54  seed 42 fold colour_diff m1: rc 0, 10.2 min
10-05 09:55  seed 42 fold burnt cutmix_s3: rc 0, 17.8 min
10-05 09:55  seed 42 fold burnt diffusion_in_s4: rc 0, 17.4 min
10-05 09:59  seed 42 fold burnt diffusion_cross_s4: rc 0, 18.5 min
10-05 10:00  seed 42 fold burnt diffusion_cross_s5: rc 0, 18.4 min
10-05 10:06  seed 42 fold colour_diff diffusion_in_s1: rc 0, 16.7 min
10-05 10:08  seed 42 fold colour_diff diffusion_cross_s1: rc 0, 17.1 min
10-05 10:08  seed 42 fold colour_diff dtd_s1: rc 0, 16.7 min
10-05 10:13  seed 42 fold colour_diff diffusion_cross_s2: rc 0, 16.6 min
10-05 10:14  seed 42 fold colour_diff cutmix_s1: rc 0, 18.6 min
10-05 10:14  seed 42 fold colour_diff diffusion_in_s2: rc 0, 18.2 min
10-05 10:18  seed 42 fold colour_diff dtd_s2: rc 0, 18.3 min
10-05 10:19  seed 42 fold colour_diff cutmix_s2: rc 0, 18.0 min
10-05 10:25  seed 42 fold colour_diff diffusion_in_s3: rc 0, 17.5 min
10-05 10:27  seed 42 fold colour_diff diffusion_cross_s3: rc 0, 18.4 min
10-05 10:27  seed 42 fold colour_diff dtd_s3: rc 0, 17.8 min
10-05 10:29  seed 42 fold colour_same m1: rc 0, 9.0 min
10-05 10:31  seed 42 fold colour_diff cutmix_s3: rc 0, 16.8 min
10-05 10:35  seed 42 fold colour_diff diffusion_in_s4: rc 0, 19.7 min
10-05 10:35  seed 42 fold colour_diff diffusion_cross_s5: rc 0, 16.1 min
10-05 10:35  seed 42 fold colour_diff diffusion_cross_s4: rc 0, 19.3 min
10-05 10:42  seed 42 fold colour_same diffusion_in_s1: rc 0, 16.1 min
10-05 10:44  seed 42 fold colour_same diffusion_cross_s1: rc 0, 16.1 min
10-05 10:45  seed 42 fold colour_same dtd_s1: rc 0, 16.2 min
10-05 10:46  seed 42 fold colour_same cutmix_s1: rc 0, 16.6 min
10-05 10:48  seed 42 fold colour_same diffusion_in_s2: rc 0, 16.3 min
10-05 10:52  seed 42 fold colour_same dtd_s2: rc 0, 16.4 min
10-05 10:53  seed 42 fold colour_same diffusion_cross_s2: rc 0, 17.9 min
10-05 10:55  seed 42 fold colour_same cutmix_s2: rc 0, 18.4 min
10-05 10:59  seed 42 fold colour_same diffusion_in_s3: rc 0, 16.6 min
10-05 11:01  seed 42 fold colour_same diffusion_cross_s3: rc 0, 16.2 min
10-05 11:03  seed 42 fold colour_same dtd_s3: rc 0, 17.8 min
10-05 11:05  seed 42 fold colour_same cutmix_s3: rc 0, 18.4 min
10-05 11:07  seed 42 fold colour_same diffusion_in_s4: rc 0, 18.0 min
10-05 11:08  seed 42 fold scratches m1: rc 0, 11.5 min
10-05 11:11  seed 42 fold colour_same diffusion_cross_s4: rc 0, 17.8 min
10-05 11:12  seed 42 fold colour_same diffusion_cross_s5: rc 0, 17.5 min
10-05 11:19  seed 42 fold scratches diffusion_in_s1: rc 0, 19.2 min
10-05 11:20  seed 42 fold scratches diffusion_cross_s1: rc 0, 18.3 min
10-05 11:23  seed 42 fold scratches dtd_s1: rc 0, 19.3 min
10-05 11:26  seed 42 fold scratches cutmix_s1: rc 0, 19.5 min
10-05 11:28  seed 42 fold scratches diffusion_in_s2: rc 0, 20.1 min
10-05 11:28  seed 42 fold scratches diffusion_cross_s2: rc 0, 19.3 min
10-05 11:32  seed 42 fold scratches cutmix_s2: rc 0, 19.5 min
10-05 11:32  seed 42 fold scratches dtd_s2: rc 0, 20.3 min
10-05 11:39  seed 42 fold scratches diffusion_in_s3: rc 0, 18.8 min
10-05 11:39  seed 42 fold scratches diffusion_cross_s3: rc 0, 19.0 min
10-05 11:43  seed 42 fold scratches dtd_s3: rc 0, 19.2 min
10-05 11:46  seed 42 fold scratches cutmix_s3: rc 0, 19.5 min
10-05 11:46  seed 42 fold scratches diffusion_in_s4: rc 0, 17.8 min
10-05 11:47  seed 42 fold scratches diffusion_cross_s4: rc 0, 17.4 min
10-05 11:49  seed 42 fold scratches diffusion_cross_s5: rc 0, 16.1 min
10-05 11:52  seed 123 plan: rc [0] in 3.2 min
10-05 17:17  seed 123 generate: rc [0, 0, 0, 0, 0, 0, 0, 0] in 324.7 min
10-05 20:55  seed 123 refine: rc [0, 0, 0, 0, 0, 0, 0, 0] in 218.1 min
10-05 20:56  seed 123 dtd: rc [0, 0, 0, 0, 0, 0, 0, 0, 0, 0, 0, 0] in 0.6 min
10-05 20:58  seed 123 cutmix: rc [0, 0, 0, 0, 0, 0, 0, 0, 0, 0, 0, 0] in 2.0 min
10-05 20:59  seed 123 check: rc [0] in 1.3 min
10-05 20:59  seed 123: training 96 runs, 8 at a time
10-05 21:13  seed 123 fold holes m1: rc 0, 7.5 min
10-05 21:15  seed 123 fold holes dtd_s1: rc 0, 15.6 min
10-05 21:15  seed 123 fold holes diffusion_in_s2: rc 0, 14.3 min
10-05 21:16  seed 123 fold holes diffusion_in_s1: rc 0, 15.4 min
10-05 21:19  seed 123 fold holes diffusion_cross_s1: rc 0, 16.0 min
10-05 21:20  seed 123 fold holes cutmix_s1: rc 0, 17.8 min
10-05 21:20  seed 123 fold holes diffusion_cross_s2: rc 0, 17.5 min
10-05 21:21  seed 123 fold holes dtd_s2: rc 0, 16.7 min
10-05 21:29  seed 123 fold holes cutmix_s2: rc 0, 16.1 min
10-05 21:33  seed 123 fold holes diffusion_in_s3: rc 0, 17.3 min
10-05 21:34  seed 123 fold holes diffusion_cross_s3: rc 0, 17.5 min
10-05 21:35  seed 123 fold holes dtd_s3: rc 0, 17.3 min
10-05 21:36  seed 123 fold holes diffusion_in_s4: rc 0, 15.0 min
10-05 21:37  seed 123 fold holes diffusion_cross_s4: rc 0, 15.7 min
10-05 21:38  seed 123 fold holes cutmix_s3: rc 0, 17.4 min
10-05 21:38  seed 123 fold holes diffusion_cross_s5: rc 0, 15.5 min
10-05 21:40  seed 123 fold breakage m1: rc 0, 10.2 min
10-05 21:51  seed 123 fold breakage diffusion_cross_s1: rc 0, 15.5 min
10-05 21:52  seed 123 fold breakage diffusion_in_s1: rc 0, 17.7 min
10-05 21:54  seed 123 fold breakage cutmix_s1: rc 0, 17.5 min
10-05 21:55  seed 123 fold breakage dtd_s1: rc 0, 19.0 min
10-05 21:57  seed 123 fold breakage diffusion_in_s2: rc 0, 18.6 min
10-05 21:57  seed 123 fold breakage dtd_s2: rc 0, 17.5 min
10-05 21:58  seed 123 fold breakage diffusion_cross_s2: rc 0, 18.5 min
10-05 21:59  seed 123 fold breakage cutmix_s2: rc 0, 17.5 min
10-05 22:06  seed 123 fold burnt m1: rc 0, 6.5 min
10-05 22:09  seed 123 fold breakage diffusion_in_s3: rc 0, 17.5 min
10-05 22:10  seed 123 fold breakage diffusion_cross_s3: rc 0, 16.9 min
10-05 22:12  seed 123 fold breakage cutmix_s3: rc 0, 16.2 min
10-05 22:13  seed 123 fold breakage dtd_s3: rc 0, 18.0 min
10-05 22:15  seed 123 fold breakage diffusion_cross_s4: rc 0, 17.0 min
10-05 22:16  seed 123 fold breakage diffusion_in_s4: rc 0, 18.0 min
10-05 22:16  seed 123 fold breakage diffusion_cross_s5: rc 0, 16.6 min
10-05 22:23  seed 123 fold burnt diffusion_in_s1: rc 0, 15.6 min
10-05 22:23  seed 123 fold burnt diffusion_cross_s1: rc 0, 13.8 min
10-05 22:26  seed 123 fold burnt dtd_s1: rc 0, 15.4 min
10-05 22:28  seed 123 fold burnt diffusion_in_s2: rc 0, 14.1 min
10-05 22:28  seed 123 fold burnt cutmix_s1: rc 0, 15.3 min
10-05 22:31  seed 123 fold burnt diffusion_cross_s2: rc 0, 14.6 min
10-05 22:31  seed 123 fold burnt dtd_s2: rc 0, 14.0 min
10-05 22:32  seed 123 fold burnt cutmix_s2: rc 0, 14.4 min
10-05 22:38  seed 123 fold burnt diffusion_in_s3: rc 0, 14.4 min
10-05 22:38  seed 123 fold burnt diffusion_cross_s3: rc 0, 14.1 min
10-05 22:40  seed 123 fold colour_diff m1: rc 0, 6.7 min
10-05 22:41  seed 123 fold burnt dtd_s3: rc 0, 14.6 min
10-05 22:43  seed 123 fold burnt cutmix_s3: rc 0, 14.2 min
10-05 22:44  seed 123 fold burnt diffusion_in_s4: rc 0, 14.9 min
10-05 22:46  seed 123 fold burnt diffusion_cross_s4: rc 0, 14.8 min
10-05 22:46  seed 123 fold burnt diffusion_cross_s5: rc 0, 14.2 min
10-05 22:52  seed 123 fold colour_diff diffusion_in_s1: rc 0, 13.5 min
10-05 22:54  seed 123 fold colour_diff diffusion_cross_s1: rc 0, 14.9 min
10-05 22:56  seed 123 fold colour_diff dtd_s1: rc 0, 15.2 min
10-05 22:56  seed 123 fold colour_diff cutmix_s1: rc 0, 14.4 min
10-05 22:57  seed 123 fold colour_diff diffusion_in_s2: rc 0, 13.0 min
10-05 22:59  seed 123 fold colour_diff diffusion_cross_s2: rc 0, 13.8 min
10-05 23:00  seed 123 fold colour_diff dtd_s2: rc 0, 13.4 min
10-05 23:01  seed 123 fold colour_diff cutmix_s2: rc 0, 12.8 min
10-05 23:06  seed 123 fold colour_diff diffusion_in_s3: rc 0, 13.3 min
10-05 23:09  seed 123 fold colour_diff diffusion_cross_s3: rc 0, 13.6 min
10-05 23:10  seed 123 fold colour_same m1: rc 0, 7.6 min
10-05 23:10  seed 123 fold colour_diff dtd_s3: rc 0, 13.9 min
10-05 23:12  seed 123 fold colour_diff diffusion_in_s4: rc 0, 13.8 min
10-05 23:12  seed 123 fold colour_diff cutmix_s3: rc 0, 14.8 min
10-05 23:15  seed 123 fold colour_diff diffusion_cross_s4: rc 0, 15.2 min
10-05 23:15  seed 123 fold colour_diff diffusion_cross_s5: rc 0, 13.8 min
10-05 23:21  seed 123 fold colour_same diffusion_in_s1: rc 0, 13.9 min
10-05 23:24  seed 123 fold colour_same diffusion_cross_s1: rc 0, 15.1 min
10-05 23:25  seed 123 fold colour_same dtd_s1: rc 0, 14.3 min
10-05 23:26  seed 123 fold colour_same cutmix_s1: rc 0, 14.9 min
10-05 23:28  seed 123 fold colour_same diffusion_in_s2: rc 0, 15.1 min
10-05 23:29  seed 123 fold colour_same diffusion_cross_s2: rc 0, 15.2 min
10-05 23:31  seed 123 fold colour_same cutmix_s2: rc 0, 14.1 min
10-05 23:31  seed 123 fold colour_same dtd_s2: rc 0, 15.4 min
10-05 23:36  seed 123 fold colour_same diffusion_in_s3: rc 0, 13.9 min
10-05 23:39  seed 123 fold colour_same dtd_s3: rc 0, 13.1 min
10-05 23:40  seed 123 fold scratches m1: rc 0, 8.2 min
10-05 23:42  seed 123 fold colour_same diffusion_cross_s3: rc 0, 17.0 min
10-05 23:44  seed 123 fold colour_same diffusion_in_s4: rc 0, 15.4 min
10-05 23:44  seed 123 fold colour_same cutmix_s3: rc 0, 17.3 min
10-05 23:45  seed 123 fold colour_same diffusion_cross_s4: rc 0, 15.4 min
10-05 23:47  seed 123 fold colour_same diffusion_cross_s5: rc 0, 15.5 min
10-05 23:52  seed 123 fold scratches diffusion_in_s1: rc 0, 16.1 min
10-05 23:56  seed 123 fold scratches dtd_s1: rc 0, 14.5 min
10-05 23:57  seed 123 fold scratches diffusion_cross_s1: rc 0, 17.6 min
10-05 23:59  seed 123 fold scratches cutmix_s1: rc 0, 16.3 min
10-06 00:01  seed 123 fold scratches dtd_s2: rc 0, 15.2 min
10-06 00:02  seed 123 fold scratches diffusion_in_s2: rc 0, 17.7 min
10-06 00:03  seed 123 fold scratches diffusion_cross_s2: rc 0, 17.9 min
10-06 00:04  seed 123 fold scratches cutmix_s2: rc 0, 16.4 min
10-06 00:08  seed 123 fold scratches diffusion_in_s3: rc 0, 15.2 min
10-06 00:12  seed 123 fold scratches diffusion_cross_s3: rc 0, 15.7 min
10-06 00:14  seed 123 fold scratches dtd_s3: rc 0, 15.7 min
10-06 00:15  seed 123 fold scratches cutmix_s3: rc 0, 15.3 min
10-06 00:16  seed 123 fold scratches diffusion_in_s4: rc 0, 13.8 min
10-06 00:17  seed 123 fold scratches diffusion_cross_s4: rc 0, 13.7 min
10-06 00:17  seed 123 fold scratches diffusion_cross_s5: rc 0, 13.3 min
10-06 00:21  seed 7 plan: rc [0] in 3.4 min
10-06 08:36  === launch profile b200: seeds [42, 123], folds ['holes', 'breakage', 'burnt', 'colour_diff', 'colour_same', 'scratches'], 1 arms, stages ['train', 'tables'], gen procs 8, train slots 6, gpus 1
10-06 08:36  seed 42: training 6 runs, 6 at a time
10-06 08:47  seed 42 fold burnt m1: rc 0, 9.4 min
10-06 08:47  seed 42 fold colour_diff m1: rc 0, 9.7 min
10-06 08:48  seed 42 fold holes m1: rc 0, 10.9 min
10-06 08:48  seed 42 fold colour_same m1: rc 0, 9.6 min
10-06 08:48  seed 42 fold breakage m1: rc 0, 11.0 min
10-06 08:48  seed 42 fold scratches m1: rc 0, 10.0 min
10-06 08:48  seed 123: training 6 runs, 6 at a time
10-06 08:57  seed 123 fold colour_diff m1: rc 0, 7.1 min
10-06 08:57  seed 123 fold burnt m1: rc 0, 7.5 min
10-06 08:58  seed 123 fold holes m1: rc 0, 9.1 min
10-06 08:58  seed 123 fold colour_same m1: rc 0, 7.7 min
10-06 08:58  seed 123 fold breakage m1: rc 0, 9.3 min
10-06 08:59  seed 123 fold scratches m1: rc 0, 8.5 min
10-06 08:59  === launch finished
10-06 09:14  === launch profile b200: seeds [7, 99, 256, 11, 22, 33, 44, 55], folds ['holes', 'breakage', 'burnt', 'colour_diff', 'colour_same', 'scratches'], 16 arms, stages ['plan', 'generate', 'refine', 'dtd', 'cutmix', 'check', 'train', 'tables'], gen procs 8, train slots 8, gpus 1
10-06 09:15  seed 7 plan: rc [0] in 0.1 min
10-06 09:28  === launch profile b200: seeds [7, 99, 256, 11, 22, 33, 44, 55], folds ['holes', 'breakage', 'burnt', 'colour_diff', 'colour_same', 'scratches'], 16 arms, stages ['plan', 'generate', 'refine', 'dtd', 'cutmix', 'check', 'train', 'tables'], gen procs 8, train slots 8, gpus 1
10-06 09:28  seed 7 plan: rc [0] in 0.1 min
10-06 09:35  === launch profile b200: seeds [7, 99, 256, 11, 22, 33, 44, 55], folds ['holes', 'breakage', 'burnt', 'colour_diff', 'colour_same', 'scratches'], 16 arms, stages ['plan', 'generate', 'refine', 'dtd', 'cutmix', 'check', 'train', 'tables'], gen procs 12, train slots 8, gpus 1
10-06 09:35  seed 7 plan: rc [0] in 0.1 min
10-06 10:49  seed 7 generate: rc [0, 0, 0, 0, 0, 0, 0, 0, 0, 0, 0, 0] in 74.2 min
10-06 10:56  seed 7 refine: rc [0, 0, 0, 0, 0, 0, 0, 0, 0, 0, 0, 0] in 7.0 min
10-06 10:57  seed 7 dtd: rc [0, 0, 0, 0, 0, 0, 0, 0, 0, 0, 0, 0] in 0.6 min
10-06 10:59  seed 7 cutmix: rc [0, 0, 0, 0, 0, 0, 0, 0, 0, 0, 0, 0] in 2.2 min
10-06 11:00  seed 7 check: rc [0] in 1.3 min
10-06 11:00  seed 7: training 96 runs, 8 at a time
10-06 11:06  seed 7 fold holes m1: rc 0, 5.2 min
10-06 11:11  seed 7 fold holes diffusion_in_s1: rc 0, 9.1 min
10-06 11:12  seed 7 fold holes dtd_s1: rc 0, 9.3 min
10-06 11:12  seed 7 fold holes diffusion_cross_s1: rc 0, 9.2 min
10-06 11:13  seed 7 fold holes diffusion_in_s2: rc 0, 9.3 min
10-06 11:14  seed 7 fold holes cutmix_s1: rc 0, 9.3 min
10-06 11:15  seed 7 fold holes diffusion_cross_s2: rc 0, 9.5 min
10-06 11:16  seed 7 fold holes dtd_s2: rc 0, 9.9 min
10-06 11:17  seed 7 fold holes cutmix_s2: rc 0, 9.8 min
10-06 11:21  seed 7 fold holes diffusion_in_s3: rc 0, 9.6 min
10-06 11:22  seed 7 fold holes diffusion_cross_s3: rc 0, 9.8 min
10-06 11:23  seed 7 fold holes dtd_s3: rc 0, 9.6 min
10-06 11:24  seed 7 fold breakage m1: rc 0, 6.4 min
10-06 11:24  seed 7 fold holes cutmix_s3: rc 0, 10.1 min
10-06 11:24  seed 7 fold holes diffusion_in_s4: rc 0, 9.7 min
10-06 11:25  seed 7 fold holes diffusion_cross_s4: rc 0, 9.8 min
10-06 11:27  seed 7 fold holes diffusion_cross_s5: rc 0, 10.0 min
10-06 11:32  seed 7 fold breakage diffusion_in_s1: rc 0, 10.0 min
10-06 11:33  seed 7 fold breakage diffusion_cross_s1: rc 0, 10.2 min
10-06 11:34  seed 7 fold breakage dtd_s1: rc 0, 10.3 min
10-06 11:35  seed 7 fold breakage cutmix_s1: rc 0, 10.1 min
10-06 11:35  seed 7 fold breakage diffusion_in_s2: rc 0, 10.0 min
10-06 11:36  seed 7 fold breakage diffusion_cross_s2: rc 0, 9.9 min
10-06 11:37  seed 7 fold breakage dtd_s2: rc 0, 9.8 min
10-06 11:37  seed 7 fold breakage cutmix_s2: rc 0, 9.7 min
10-06 11:42  seed 7 fold breakage diffusion_in_s3: rc 0, 9.8 min
10-06 11:44  seed 7 fold breakage diffusion_cross_s3: rc 0, 9.8 min
10-06 11:44  seed 7 fold burnt m1: rc 0, 5.2 min
10-06 11:45  seed 7 fold breakage dtd_s3: rc 0, 10.0 min
10-06 11:46  seed 7 fold breakage cutmix_s3: rc 0, 10.0 min
10-06 11:46  seed 7 fold breakage diffusion_in_s4: rc 0, 9.8 min
10-06 11:47  seed 7 fold breakage diffusion_cross_s4: rc 0, 9.9 min
10-06 11:48  seed 7 fold breakage diffusion_cross_s5: rc 0, 10.1 min
10-06 11:51  seed 7 fold burnt diffusion_in_s1: rc 0, 7.5 min
10-06 11:52  seed 7 fold burnt diffusion_cross_s1: rc 0, 7.7 min
10-06 11:53  seed 7 fold burnt dtd_s1: rc 0, 7.7 min
10-06 11:54  seed 7 fold burnt cutmix_s1: rc 0, 7.9 min
10-06 11:54  seed 7 fold burnt diffusion_in_s2: rc 0, 7.8 min
10-06 11:56  seed 7 fold burnt diffusion_cross_s2: rc 0, 8.3 min
10-06 11:56  seed 7 fold burnt dtd_s2: rc 0, 8.1 min
10-06 11:57  seed 7 fold burnt cutmix_s2: rc 0, 8.1 min
10-06 11:59  seed 7 fold burnt diffusion_in_s3: rc 0, 7.9 min
10-06 12:01  seed 7 fold burnt diffusion_cross_s3: rc 0, 8.1 min
10-06 12:01  seed 7 fold burnt dtd_s3: rc 0, 7.8 min
10-06 12:02  seed 7 fold burnt cutmix_s3: rc 0, 7.9 min
10-06 12:03  seed 7 fold colour_diff m1: rc 0, 4.8 min
10-06 12:03  seed 7 fold burnt diffusion_in_s4: rc 0, 7.8 min
10-06 12:04  seed 7 fold burnt diffusion_cross_s4: rc 0, 7.8 min
10-06 12:05  seed 7 fold burnt diffusion_cross_s5: rc 0, 7.6 min
10-06 12:07  seed 7 fold colour_diff diffusion_in_s1: rc 0, 7.2 min
10-06 12:09  seed 7 fold colour_diff diffusion_cross_s1: rc 0, 7.5 min
10-06 12:10  seed 7 fold colour_diff dtd_s1: rc 0, 7.7 min
10-06 12:11  seed 7 fold colour_diff cutmix_s1: rc 0, 7.5 min
10-06 12:12  seed 7 fold colour_diff diffusion_in_s2: rc 0, 7.8 min
10-06 12:13  seed 7 fold colour_diff diffusion_cross_s2: rc 0, 7.9 min
10-06 12:13  seed 7 fold colour_diff dtd_s2: rc 0, 7.7 min
10-06 12:14  seed 7 fold colour_diff cutmix_s2: rc 0, 7.7 min
10-06 12:16  seed 7 fold colour_diff diffusion_in_s3: rc 0, 7.9 min
10-06 12:18  seed 7 fold colour_diff diffusion_cross_s3: rc 0, 7.9 min
10-06 12:19  seed 7 fold colour_diff dtd_s3: rc 0, 7.7 min
10-06 12:19  seed 7 fold colour_diff cutmix_s3: rc 0, 7.6 min
10-06 12:20  seed 7 fold colour_same m1: rc 0, 5.1 min
10-06 12:20  seed 7 fold colour_diff diffusion_in_s4: rc 0, 7.6 min
10-06 12:21  seed 7 fold colour_diff diffusion_cross_s4: rc 0, 7.5 min
10-06 12:22  seed 7 fold colour_diff diffusion_cross_s5: rc 0, 7.7 min
10-06 12:24  seed 7 fold colour_same diffusion_in_s1: rc 0, 7.7 min
10-06 12:26  seed 7 fold colour_same diffusion_cross_s1: rc 0, 7.8 min
10-06 12:27  seed 7 fold colour_same dtd_s1: rc 0, 7.7 min
10-06 12:28  seed 7 fold colour_same cutmix_s1: rc 0, 7.7 min
10-06 12:29  seed 7 fold colour_same diffusion_in_s2: rc 0, 8.2 min
10-06 12:30  seed 7 fold colour_same diffusion_cross_s2: rc 0, 8.0 min
10-06 12:30  seed 7 fold colour_same dtd_s2: rc 0, 7.8 min
10-06 12:31  seed 7 fold colour_same cutmix_s2: rc 0, 7.9 min
10-06 12:33  seed 7 fold colour_same diffusion_in_s3: rc 0, 7.6 min
10-06 12:35  seed 7 fold colour_same diffusion_cross_s3: rc 0, 7.7 min
10-06 12:35  seed 7 fold colour_same dtd_s3: rc 0, 7.6 min
10-06 12:36  seed 7 fold colour_same cutmix_s3: rc 0, 7.8 min
10-06 12:37  seed 7 fold scratches m1: rc 0, 5.4 min
10-06 12:38  seed 7 fold colour_same diffusion_in_s4: rc 0, 7.7 min
10-06 12:38  seed 7 fold colour_same diffusion_cross_s4: rc 0, 7.6 min
10-06 12:39  seed 7 fold colour_same diffusion_cross_s5: rc 0, 7.6 min
10-06 12:42  seed 7 fold scratches diffusion_in_s1: rc 0, 8.4 min
10-06 12:44  seed 7 fold scratches diffusion_cross_s1: rc 0, 8.5 min
10-06 12:45  seed 7 fold scratches dtd_s1: rc 0, 8.5 min
10-06 12:46  seed 7 fold scratches cutmix_s1: rc 0, 8.6 min
10-06 12:47  seed 7 fold scratches diffusion_in_s2: rc 0, 8.6 min
10-06 12:48  seed 7 fold scratches diffusion_cross_s2: rc 0, 8.7 min
10-06 12:48  seed 7 fold scratches dtd_s2: rc 0, 8.6 min
10-06 12:49  seed 7 fold scratches cutmix_s2: rc 0, 8.4 min
10-06 12:51  seed 7 fold scratches diffusion_in_s3: rc 0, 8.3 min
10-06 12:53  seed 7 fold scratches diffusion_cross_s3: rc 0, 8.2 min
10-06 12:54  seed 7 fold scratches dtd_s3: rc 0, 8.2 min
10-06 12:55  seed 7 fold scratches cutmix_s3: rc 0, 8.3 min
10-06 12:56  seed 7 fold scratches diffusion_in_s4: rc 0, 7.9 min
10-06 12:56  seed 7 fold scratches diffusion_cross_s4: rc 0, 7.9 min
10-06 12:57  seed 7 fold scratches diffusion_cross_s5: rc 0, 7.9 min
10-06 13:01  seed 99 plan: rc [0] in 3.4 min
10-06 14:44  seed 99 generate: rc [0, 0, 0, 0, 0, 0, 0, 0, 0, 0, 0, 0] in 103.8 min
10-06 14:51  seed 99 refine: rc [0, 0, 0, 0, 0, 0, 0, 0, 0, 0, 0, 0] in 7.1 min
10-06 14:52  seed 99 dtd: rc [0, 0, 0, 0, 0, 0, 0, 0, 0, 0, 0, 0] in 0.6 min
10-06 14:54  seed 99 cutmix: rc [0, 0, 0, 0, 0, 0, 0, 0, 0, 0, 0, 0] in 2.2 min
10-06 14:56  seed 99 check: rc [0] in 1.6 min
10-06 14:56  seed 99: training 96 runs, 8 at a time
10-06 15:02  seed 99 fold holes m1: rc 0, 5.5 min
10-06 15:07  seed 99 fold holes diffusion_in_s1: rc 0, 9.3 min
10-06 15:08  seed 99 fold holes diffusion_cross_s1: rc 0, 9.8 min
10-06 15:08  seed 99 fold holes cutmix_s1: rc 0, 9.4 min
10-06 15:09  seed 99 fold holes dtd_s1: rc 0, 9.4 min
10-06 15:10  seed 99 fold holes diffusion_cross_s2: rc 0, 9.8 min
10-06 15:11  seed 99 fold holes diffusion_in_s2: rc 0, 9.6 min
10-06 15:12  seed 99 fold holes dtd_s2: rc 0, 9.6 min
10-06 15:13  seed 99 fold holes cutmix_s2: rc 0, 9.8 min
10-06 15:17  seed 99 fold holes diffusion_in_s3: rc 0, 9.5 min
10-06 15:18  seed 99 fold holes diffusion_cross_s3: rc 0, 9.4 min
10-06 15:19  seed 99 fold holes dtd_s3: rc 0, 9.2 min
10-06 15:19  seed 99 fold breakage m1: rc 0, 5.7 min
10-06 15:19  seed 99 fold holes cutmix_s3: rc 0, 9.2 min
10-06 15:20  seed 99 fold holes diffusion_in_s4: rc 0, 9.2 min
10-06 15:21  seed 99 fold holes diffusion_cross_s4: rc 0, 8.9 min
10-06 15:22  seed 99 fold holes diffusion_cross_s5: rc 0, 9.0 min
10-06 15:27  seed 99 fold breakage diffusion_in_s1: rc 0, 8.9 min
10-06 15:28  seed 99 fold breakage diffusion_cross_s1: rc 0, 8.9 min
10-06 15:29  seed 99 fold breakage dtd_s1: rc 0, 8.8 min
10-06 15:29  seed 99 fold breakage cutmix_s1: rc 0, 8.9 min
10-06 15:30  seed 99 fold breakage diffusion_in_s2: rc 0, 8.9 min
10-06 15:31  seed 99 fold breakage diffusion_cross_s2: rc 0, 8.9 min
10-06 15:32  seed 99 fold breakage dtd_s2: rc 0, 8.9 min
10-06 15:32  seed 99 fold breakage cutmix_s2: rc 0, 8.9 min
10-06 15:36  seed 99 fold breakage diffusion_in_s3: rc 0, 8.9 min
10-06 15:37  seed 99 fold breakage diffusion_cross_s3: rc 0, 8.8 min
10-06 15:38  seed 99 fold burnt m1: rc 0, 4.5 min
10-06 15:38  seed 99 fold breakage dtd_s3: rc 0, 8.9 min
10-06 15:39  seed 99 fold breakage cutmix_s3: rc 0, 8.8 min
10-06 15:40  seed 99 fold breakage diffusion_in_s4: rc 0, 8.8 min
10-06 15:40  seed 99 fold breakage diffusion_cross_s4: rc 0, 8.8 min
10-06 15:41  seed 99 fold breakage diffusion_cross_s5: rc 0, 8.9 min
10-06 15:44  seed 99 fold burnt diffusion_in_s1: rc 0, 7.0 min
10-06 15:46  seed 99 fold burnt diffusion_cross_s1: rc 0, 7.3 min
10-06 15:46  seed 99 fold burnt dtd_s1: rc 0, 7.1 min
10-06 15:47  seed 99 fold burnt cutmix_s1: rc 0, 7.3 min
10-06 15:48  seed 99 fold burnt diffusion_in_s2: rc 0, 7.4 min
10-06 15:49  seed 99 fold burnt diffusion_cross_s2: rc 0, 7.4 min
10-06 15:50  seed 99 fold burnt dtd_s2: rc 0, 7.6 min
10-06 15:50  seed 99 fold burnt cutmix_s2: rc 0, 7.6 min
10-06 15:53  seed 99 fold burnt diffusion_in_s3: rc 0, 7.8 min
10-06 15:54  seed 99 fold burnt diffusion_cross_s3: rc 0, 8.0 min
10-06 15:56  seed 99 fold burnt dtd_s3: rc 0, 8.5 min
10-06 15:56  seed 99 fold burnt cutmix_s3: rc 0, 8.3 min
10-06 15:56  seed 99 fold colour_diff m1: rc 0, 5.1 min
10-06 15:57  seed 99 fold burnt diffusion_in_s4: rc 0, 8.7 min
10-06 15:58  seed 99 fold burnt diffusion_cross_s4: rc 0, 8.4 min
10-06 15:58  seed 99 fold burnt diffusion_cross_s5: rc 0, 8.1 min
10-06 16:01  seed 99 fold colour_diff diffusion_in_s1: rc 0, 7.4 min
10-06 16:02  seed 99 fold colour_diff diffusion_cross_s1: rc 0, 7.1 min
10-06 16:04  seed 99 fold colour_diff dtd_s1: rc 0, 7.3 min
10-06 16:04  seed 99 fold colour_diff cutmix_s1: rc 0, 7.2 min
10-06 16:05  seed 99 fold colour_diff diffusion_in_s2: rc 0, 7.5 min
10-06 16:06  seed 99 fold colour_diff diffusion_cross_s2: rc 0, 7.5 min
10-06 16:07  seed 99 fold colour_diff dtd_s2: rc 0, 7.4 min
10-06 16:08  seed 99 fold colour_diff cutmix_s2: rc 0, 7.6 min
10-06 16:09  seed 99 fold colour_diff diffusion_in_s3: rc 0, 7.4 min
10-06 16:10  seed 99 fold colour_diff diffusion_cross_s3: rc 0, 7.2 min
10-06 16:12  seed 99 fold colour_diff dtd_s3: rc 0, 7.3 min
10-06 16:12  seed 99 fold colour_diff cutmix_s3: rc 0, 7.3 min
10-06 16:13  seed 99 fold colour_diff diffusion_in_s4: rc 0, 7.1 min
10-06 16:14  seed 99 fold colour_same m1: rc 0, 5.0 min
10-06 16:15  seed 99 fold colour_diff diffusion_cross_s4: rc 0, 7.6 min
10-06 16:15  seed 99 fold colour_diff diffusion_cross_s5: rc 0, 7.2 min
10-06 16:17  seed 99 fold colour_same diffusion_in_s1: rc 0, 7.7 min
10-06 16:18  seed 99 fold colour_same diffusion_cross_s1: rc 0, 7.5 min
10-06 16:20  seed 99 fold colour_same dtd_s1: rc 0, 7.5 min
10-06 16:21  seed 99 fold colour_same cutmix_s1: rc 0, 7.8 min
10-06 16:22  seed 99 fold colour_same diffusion_in_s2: rc 0, 7.7 min
10-06 16:23  seed 99 fold colour_same diffusion_cross_s2: rc 0, 8.2 min
10-06 16:23  seed 99 fold colour_same dtd_s2: rc 0, 7.9 min
10-06 16:25  seed 99 fold colour_same cutmix_s2: rc 0, 8.4 min
10-06 16:26  seed 99 fold colour_same diffusion_in_s3: rc 0, 7.6 min
10-06 16:27  seed 99 fold colour_same diffusion_cross_s3: rc 0, 7.8 min
10-06 16:29  seed 99 fold colour_same dtd_s3: rc 0, 8.1 min
10-06 16:30  seed 99 fold colour_same cutmix_s3: rc 0, 8.1 min
10-06 16:31  seed 99 fold colour_same diffusion_in_s4: rc 0, 8.6 min
10-06 16:32  seed 99 fold scratches m1: rc 0, 6.1 min
10-06 16:32  seed 99 fold colour_same diffusion_cross_s4: rc 0, 8.0 min
10-06 16:32  seed 99 fold colour_same diffusion_cross_s5: rc 0, 7.6 min
10-06 16:36  seed 99 fold scratches diffusion_in_s1: rc 0, 9.1 min
10-06 16:36  seed 99 fold scratches diffusion_cross_s1: rc 0, 8.2 min
10-06 16:38  seed 99 fold scratches dtd_s1: rc 0, 8.3 min
10-06 16:40  seed 99 fold scratches cutmix_s1: rc 0, 9.3 min
10-06 16:41  seed 99 fold scratches diffusion_in_s2: rc 0, 8.6 min
10-06 16:41  seed 99 fold scratches diffusion_cross_s2: rc 0, 8.4 min
10-06 16:42  seed 99 fold scratches dtd_s2: rc 0, 8.8 min
10-06 16:43  seed 99 fold scratches cutmix_s2: rc 0, 8.3 min
10-06 16:45  seed 99 fold scratches diffusion_in_s3: rc 0, 8.5 min
10-06 16:45  seed 99 fold scratches diffusion_cross_s3: rc 0, 8.2 min
10-06 16:47  seed 99 fold scratches dtd_s3: rc 0, 8.0 min
10-06 16:49  seed 99 fold scratches cutmix_s3: rc 0, 7.9 min
10-06 16:50  seed 99 fold scratches diffusion_in_s4: rc 0, 8.2 min
10-06 16:51  seed 99 fold scratches diffusion_cross_s4: rc 0, 8.1 min
10-06 16:51  seed 99 fold scratches diffusion_cross_s5: rc 0, 8.3 min
10-06 16:55  seed 256 plan: rc [0] in 3.9 min
10-06 18:40  seed 256 generate: rc [0, 0, 0, 0, 0, 0, 0, 0, 0, 0, 0, 0] in 104.6 min
10-06 18:47  seed 256 refine: rc [0, 0, 0, 0, 0, 0, 0, 0, 0, 0, 0, 0] in 7.1 min
10-06 18:48  seed 256 dtd: rc [0, 0, 0, 0, 0, 0, 0, 0, 0, 0, 0, 0] in 0.7 min
10-06 18:50  seed 256 cutmix: rc [0, 0, 0, 0, 0, 0, 0, 0, 0, 0, 0, 0] in 2.6 min
10-06 18:52  seed 256 check: rc [0] in 1.5 min
10-06 18:52  seed 256: training 96 runs, 8 at a time
10-06 18:58  seed 256 fold holes m1: rc 0, 5.4 min
10-06 19:02  seed 256 fold holes diffusion_cross_s1: rc 0, 9.1 min
10-06 19:03  seed 256 fold holes diffusion_in_s1: rc 0, 9.2 min
10-06 19:04  seed 256 fold holes dtd_s1: rc 0, 9.5 min
10-06 19:05  seed 256 fold holes cutmix_s1: rc 0, 9.5 min
10-06 19:06  seed 256 fold holes diffusion_in_s2: rc 0, 9.5 min
10-06 19:06  seed 256 fold holes diffusion_cross_s2: rc 0, 9.2 min
10-06 19:07  seed 256 fold holes dtd_s2: rc 0, 9.5 min
10-06 19:08  seed 256 fold holes cutmix_s2: rc 0, 9.3 min
10-06 19:12  seed 256 fold holes diffusion_in_s3: rc 0, 9.1 min
10-06 19:13  seed 256 fold holes diffusion_cross_s3: rc 0, 9.4 min
10-06 19:14  seed 256 fold holes dtd_s3: rc 0, 9.2 min
10-06 19:15  seed 256 fold breakage m1: rc 0, 5.8 min
10-06 19:15  seed 256 fold holes cutmix_s3: rc 0, 9.3 min
10-06 19:16  seed 256 fold holes diffusion_in_s4: rc 0, 9.4 min
10-06 19:17  seed 256 fold holes diffusion_cross_s4: rc 0, 9.2 min
10-06 19:18  seed 256 fold holes diffusion_cross_s5: rc 0, 9.5 min
10-06 19:23  seed 256 fold breakage diffusion_in_s1: rc 0, 10.2 min
10-06 19:23  seed 256 fold breakage diffusion_cross_s1: rc 0, 9.2 min
10-06 19:24  seed 256 fold breakage dtd_s1: rc 0, 9.2 min
10-06 19:25  seed 256 fold breakage cutmix_s1: rc 0, 9.2 min
10-06 19:26  seed 256 fold breakage diffusion_in_s2: rc 0, 9.1 min
10-06 19:27  seed 256 fold breakage diffusion_cross_s2: rc 0, 9.2 min
10-06 19:27  seed 256 fold breakage dtd_s2: rc 0, 9.1 min
10-06 19:28  seed 256 fold breakage cutmix_s2: rc 0, 8.9 min
10-06 19:33  seed 256 fold breakage diffusion_in_s3: rc 0, 9.0 min
10-06 19:34  seed 256 fold breakage diffusion_cross_s3: rc 0, 8.9 min
10-06 19:34  seed 256 fold burnt m1: rc 0, 4.6 min
10-06 19:34  seed 256 fold breakage dtd_s3: rc 0, 8.9 min
10-06 19:35  seed 256 fold breakage cutmix_s3: rc 0, 8.9 min
10-06 19:36  seed 256 fold breakage diffusion_in_s4: rc 0, 8.9 min
10-06 19:37  seed 256 fold breakage diffusion_cross_s4: rc 0, 9.1 min
10-06 19:37  seed 256 fold breakage diffusion_cross_s5: rc 0, 8.7 min
10-06 19:41  seed 256 fold burnt diffusion_in_s1: rc 0, 7.2 min
10-06 19:42  seed 256 fold burnt diffusion_cross_s1: rc 0, 7.3 min
10-06 19:42  seed 256 fold burnt dtd_s1: rc 0, 7.2 min
10-06 19:43  seed 256 fold burnt cutmix_s1: rc 0, 7.3 min
10-06 19:44  seed 256 fold burnt diffusion_in_s2: rc 0, 7.4 min
10-06 19:45  seed 256 fold burnt diffusion_cross_s2: rc 0, 7.2 min
10-06 19:46  seed 256 fold burnt dtd_s2: rc 0, 7.3 min
10-06 19:46  seed 256 fold burnt cutmix_s2: rc 0, 7.2 min
10-06 19:49  seed 256 fold burnt diffusion_in_s3: rc 0, 7.3 min
10-06 19:50  seed 256 fold burnt diffusion_cross_s3: rc 0, 7.3 min
10-06 19:51  seed 256 fold burnt dtd_s3: rc 0, 7.4 min
10-06 19:51  seed 256 fold burnt cutmix_s3: rc 0, 7.4 min
10-06 19:52  seed 256 fold colour_diff m1: rc 0, 4.4 min
10-06 19:53  seed 256 fold burnt diffusion_in_s4: rc 0, 7.6 min
10-06 19:53  seed 256 fold burnt diffusion_cross_s4: rc 0, 7.6 min
10-06 19:54  seed 256 fold burnt diffusion_cross_s5: rc 0, 7.5 min
10-06 19:57  seed 256 fold colour_diff diffusion_in_s1: rc 0, 6.9 min
10-06 19:58  seed 256 fold colour_diff diffusion_cross_s1: rc 0, 7.0 min
10-06 19:59  seed 256 fold colour_diff dtd_s1: rc 0, 7.4 min
10-06 20:00  seed 256 fold colour_diff cutmix_s1: rc 0, 7.3 min
10-06 20:00  seed 256 fold colour_diff diffusion_in_s2: rc 0, 7.2 min
10-06 20:01  seed 256 fold colour_diff diffusion_cross_s2: rc 0, 7.1 min
10-06 20:02  seed 256 fold colour_diff dtd_s2: rc 0, 7.1 min
10-06 20:02  seed 256 fold colour_diff cutmix_s2: rc 0, 6.9 min
10-06 20:04  seed 256 fold colour_diff diffusion_in_s3: rc 0, 7.1 min
10-06 20:05  seed 256 fold colour_diff diffusion_cross_s3: rc 0, 7.0 min
10-06 20:06  seed 256 fold colour_diff dtd_s3: rc 0, 6.8 min
10-06 20:07  seed 256 fold colour_diff cutmix_s3: rc 0, 6.9 min
10-06 20:08  seed 256 fold colour_same m1: rc 0, 4.6 min
10-06 20:08  seed 256 fold colour_diff diffusion_in_s4: rc 0, 6.9 min
10-06 20:09  seed 256 fold colour_diff diffusion_cross_s4: rc 0, 7.0 min
10-06 20:09  seed 256 fold colour_diff diffusion_cross_s5: rc 0, 6.9 min
10-06 20:13  seed 256 fold colour_same diffusion_in_s1: rc 0, 7.3 min
10-06 20:13  seed 256 fold colour_same diffusion_cross_s1: rc 0, 7.3 min
10-06 20:14  seed 256 fold colour_same dtd_s1: rc 0, 7.4 min
10-06 20:15  seed 256 fold colour_same cutmix_s1: rc 0, 7.3 min
10-06 20:16  seed 256 fold colour_same diffusion_in_s2: rc 0, 7.6 min
10-06 20:17  seed 256 fold colour_same diffusion_cross_s2: rc 0, 7.4 min
10-06 20:18  seed 256 fold colour_same dtd_s2: rc 0, 7.6 min
10-06 20:18  seed 256 fold colour_same cutmix_s2: rc 0, 7.1 min
10-06 20:20  seed 256 fold colour_same diffusion_in_s3: rc 0, 7.2 min
10-06 20:22  seed 256 fold colour_same diffusion_cross_s3: rc 0, 7.3 min
10-06 20:23  seed 256 fold colour_same dtd_s3: rc 0, 7.8 min
10-06 20:24  seed 256 fold colour_same cutmix_s3: rc 0, 7.6 min
10-06 20:25  seed 256 fold colour_same diffusion_in_s4: rc 0, 7.5 min
10-06 20:25  seed 256 fold scratches m1: rc 0, 5.5 min
10-06 20:25  seed 256 fold colour_same diffusion_cross_s4: rc 0, 7.5 min
10-06 20:26  seed 256 fold colour_same diffusion_cross_s5: rc 0, 7.5 min
10-06 20:29  seed 256 fold scratches diffusion_in_s1: rc 0, 7.9 min
10-06 20:30  seed 256 fold scratches diffusion_cross_s1: rc 0, 7.9 min
10-06 20:32  seed 256 fold scratches dtd_s1: rc 0, 8.2 min
10-06 20:33  seed 256 fold scratches cutmix_s1: rc 0, 8.2 min
10-06 20:33  seed 256 fold scratches diffusion_in_s2: rc 0, 7.9 min
10-06 20:34  seed 256 fold scratches diffusion_cross_s2: rc 0, 7.7 min
10-06 20:35  seed 256 fold scratches dtd_s2: rc 0, 8.2 min
10-06 20:36  seed 256 fold scratches cutmix_s2: rc 0, 8.2 min
10-06 20:38  seed 256 fold scratches diffusion_in_s3: rc 0, 7.8 min
10-06 20:39  seed 256 fold scratches diffusion_cross_s3: rc 0, 7.8 min
10-06 20:41  seed 256 fold scratches dtd_s3: rc 0, 7.9 min
10-06 20:41  seed 256 fold scratches cutmix_s3: rc 0, 7.8 min
10-06 20:42  seed 256 fold scratches diffusion_in_s4: rc 0, 8.1 min
10-06 20:43  seed 256 fold scratches diffusion_cross_s4: rc 0, 7.6 min
10-06 20:43  seed 256 fold scratches diffusion_cross_s5: rc 0, 7.5 min
10-06 20:47  seed 11 plan: rc [0] in 3.5 min
10-06 22:30  seed 11 generate: rc [0, 0, 0, 0, 0, 0, 0, 0, 0, 0, 0, 0] in 103.5 min
10-06 22:38  seed 11 refine: rc [0, 0, 0, 0, 0, 0, 0, 0, 0, 0, 0, 0] in 7.3 min
10-06 22:38  seed 11 dtd: rc [0, 0, 0, 0, 0, 0, 0, 0, 0, 0, 0, 0] in 0.7 min
10-06 22:41  seed 11 cutmix: rc [0, 0, 0, 0, 0, 0, 0, 0, 0, 0, 0, 0] in 2.3 min
10-06 22:42  seed 11 check: rc [0] in 1.6 min
10-06 22:42  seed 11: training 96 runs, 8 at a time
10-06 22:49  seed 11 fold holes m1: rc 0, 5.5 min
10-06 22:52  seed 11 fold holes diffusion_in_s1: rc 0, 8.8 min
10-06 22:54  seed 11 fold holes diffusion_cross_s1: rc 0, 9.3 min
10-06 22:55  seed 11 fold holes dtd_s1: rc 0, 9.2 min
10-06 22:56  seed 11 fold holes cutmix_s1: rc 0, 9.6 min
10-06 22:56  seed 11 fold holes diffusion_in_s2: rc 0, 9.2 min
10-06 22:57  seed 11 fold holes diffusion_cross_s2: rc 0, 9.3 min
10-06 22:58  seed 11 fold holes dtd_s2: rc 0, 9.5 min
10-06 23:00  seed 11 fold holes cutmix_s2: rc 0, 9.6 min
10-06 23:02  seed 11 fold holes diffusion_in_s3: rc 0, 9.4 min
10-06 23:04  seed 11 fold holes diffusion_cross_s3: rc 0, 9.6 min
10-06 23:05  seed 11 fold holes dtd_s3: rc 0, 9.3 min
10-06 23:06  seed 11 fold holes cutmix_s3: rc 0, 9.4 min
10-06 23:06  seed 11 fold breakage m1: rc 0, 5.8 min
10-06 23:07  seed 11 fold holes diffusion_in_s4: rc 0, 9.4 min
10-06 23:07  seed 11 fold holes diffusion_cross_s4: rc 0, 9.2 min
10-06 23:08  seed 11 fold holes diffusion_cross_s5: rc 0, 9.3 min
10-06 23:12  seed 11 fold breakage diffusion_in_s1: rc 0, 9.4 min
10-06 23:15  seed 11 fold breakage diffusion_cross_s1: rc 0, 9.7 min
10-06 23:15  seed 11 fold breakage dtd_s1: rc 0, 9.5 min
10-06 23:17  seed 11 fold breakage cutmix_s1: rc 0, 9.9 min
10-06 23:18  seed 11 fold breakage diffusion_in_s2: rc 0, 10.3 min
10-06 23:18  seed 11 fold breakage diffusion_cross_s2: rc 0, 9.8 min
10-06 23:18  seed 11 fold breakage dtd_s2: rc 0, 9.6 min
10-06 23:20  seed 11 fold breakage cutmix_s2: rc 0, 10.0 min
10-06 23:22  seed 11 fold breakage diffusion_in_s3: rc 0, 9.0 min
10-06 23:25  seed 11 fold breakage diffusion_cross_s3: rc 0, 9.5 min
10-06 23:25  seed 11 fold breakage dtd_s3: rc 0, 9.1 min
10-06 23:26  seed 11 fold burnt m1: rc 0, 4.9 min
10-06 23:27  seed 11 fold breakage cutmix_s3: rc 0, 9.4 min
10-06 23:28  seed 11 fold breakage diffusion_in_s4: rc 0, 9.9 min
10-06 23:28  seed 11 fold breakage diffusion_cross_s4: rc 0, 9.2 min
10-06 23:30  seed 11 fold breakage diffusion_cross_s5: rc 0, 9.6 min
10-06 23:30  seed 11 fold burnt diffusion_in_s1: rc 0, 7.6 min
10-06 23:34  seed 11 fold burnt diffusion_cross_s1: rc 0, 7.7 min
10-06 23:34  seed 11 fold burnt dtd_s1: rc 0, 7.6 min
10-06 23:35  seed 11 fold burnt cutmix_s1: rc 0, 7.7 min
10-06 23:36  seed 11 fold burnt diffusion_in_s2: rc 0, 7.7 min
10-06 23:37  seed 11 fold burnt diffusion_cross_s2: rc 0, 7.6 min
10-06 23:37  seed 11 fold burnt dtd_s2: rc 0, 7.3 min
10-06 23:38  seed 11 fold burnt cutmix_s2: rc 0, 7.5 min
10-06 23:39  seed 11 fold burnt diffusion_in_s3: rc 0, 7.5 min
10-06 23:42  seed 11 fold burnt diffusion_cross_s3: rc 0, 8.1 min
10-06 23:43  seed 11 fold burnt dtd_s3: rc 0, 7.7 min
10-06 23:44  seed 11 fold colour_diff m1: rc 0, 4.9 min
10-06 23:44  seed 11 fold burnt cutmix_s3: rc 0, 8.1 min
10-06 23:45  seed 11 fold burnt diffusion_in_s4: rc 0, 8.1 min
10-06 23:46  seed 11 fold burnt diffusion_cross_s4: rc 0, 8.5 min
10-06 23:47  seed 11 fold burnt diffusion_cross_s5: rc 0, 8.6 min
10-06 23:48  seed 11 fold colour_diff diffusion_in_s1: rc 0, 8.1 min
10-06 23:51  seed 11 fold colour_diff diffusion_cross_s1: rc 0, 8.2 min
10-06 23:52  seed 11 fold colour_diff dtd_s1: rc 0, 8.2 min
10-06 23:53  seed 11 fold colour_diff cutmix_s1: rc 0, 8.1 min
10-06 23:53  seed 11 fold colour_diff diffusion_in_s2: rc 0, 8.1 min
10-06 23:54  seed 11 fold colour_diff diffusion_cross_s2: rc 0, 8.2 min
10-06 23:55  seed 11 fold colour_diff dtd_s2: rc 0, 8.1 min
10-06 23:56  seed 11 fold colour_diff cutmix_s2: rc 0, 7.9 min
10-06 23:56  seed 11 fold colour_diff diffusion_in_s3: rc 0, 7.6 min
10-07 00:00  seed 11 fold colour_diff diffusion_cross_s3: rc 0, 7.6 min
10-07 00:01  seed 11 fold colour_diff dtd_s3: rc 0, 8.1 min
10-07 00:02  seed 11 fold colour_diff cutmix_s3: rc 0, 8.1 min
10-07 00:02  seed 11 fold colour_same m1: rc 0, 5.1 min
10-07 00:02  seed 11 fold colour_diff diffusion_in_s4: rc 0, 7.6 min
10-07 00:03  seed 11 fold colour_diff diffusion_cross_s4: rc 0, 7.6 min
10-07 00:03  seed 11 fold colour_diff diffusion_cross_s5: rc 0, 7.5 min
10-07 00:05  seed 11 fold colour_same diffusion_in_s1: rc 0, 7.8 min
10-07 00:08  seed 11 fold colour_same diffusion_cross_s1: rc 0, 7.9 min
10-07 00:10  seed 11 fold colour_same cutmix_s1: rc 0, 7.9 min
10-07 00:10  seed 11 fold colour_same dtd_s1: rc 0, 8.7 min
10-07 00:12  seed 11 fold colour_same diffusion_in_s2: rc 0, 8.8 min
10-07 00:12  seed 11 fold colour_same diffusion_cross_s2: rc 0, 8.0 min
10-07 00:13  seed 11 fold colour_same dtd_s2: rc 0, 8.1 min
10-07 00:14  seed 11 fold colour_same cutmix_s2: rc 0, 8.0 min
10-07 00:14  seed 11 fold colour_same diffusion_in_s3: rc 0, 8.0 min
10-07 00:17  seed 11 fold colour_same diffusion_cross_s3: rc 0, 8.1 min
10-07 00:19  seed 11 fold colour_same dtd_s3: rc 0, 7.6 min
10-07 00:20  seed 11 fold colour_same cutmix_s3: rc 0, 7.7 min
10-07 00:20  seed 11 fold colour_same diffusion_in_s4: rc 0, 7.6 min
10-07 00:20  seed 11 fold scratches m1: rc 0, 5.4 min
10-07 00:21  seed 11 fold colour_same diffusion_cross_s4: rc 0, 7.7 min
10-07 00:22  seed 11 fold colour_same diffusion_cross_s5: rc 0, 7.8 min
10-07 00:24  seed 11 fold scratches diffusion_in_s1: rc 0, 8.5 min
10-07 00:27  seed 11 fold scratches diffusion_cross_s1: rc 0, 9.5 min
10-07 00:28  seed 11 fold scratches dtd_s1: rc 0, 8.6 min
10-07 00:29  seed 11 fold scratches cutmix_s1: rc 0, 8.5 min
10-07 00:30  seed 11 fold scratches diffusion_in_s2: rc 0, 8.7 min
10-07 00:32  seed 11 fold scratches diffusion_cross_s2: rc 0, 9.5 min
10-07 00:32  seed 11 fold scratches dtd_s2: rc 0, 8.8 min
10-07 00:32  seed 11 fold scratches cutmix_s2: rc 0, 8.7 min
10-07 00:34  seed 11 fold scratches diffusion_in_s3: rc 0, 8.6 min
10-07 00:36  seed 11 fold scratches diffusion_cross_s3: rc 0, 8.3 min
10-07 00:37  seed 11 fold scratches dtd_s3: rc 0, 8.3 min
10-07 00:38  seed 11 fold scratches cutmix_s3: rc 0, 8.3 min
10-07 00:39  seed 11 fold scratches diffusion_in_s4: rc 0, 8.1 min
10-07 00:41  seed 11 fold scratches diffusion_cross_s4: rc 0, 8.5 min
10-07 00:41  seed 11 fold scratches diffusion_cross_s5: rc 0, 8.2 min
10-07 00:45  seed 22 plan: rc [0] in 3.7 min
10-07 02:29  seed 22 generate: rc [0, 0, 0, 0, 0, 0, 0, 0, 0, 0, 0, 0] in 104.1 min
10-07 02:36  seed 22 refine: rc [0, 0, 0, 0, 0, 0, 0, 0, 0, 0, 0, 0] in 7.1 min
10-07 02:37  seed 22 dtd: rc [0, 0, 0, 0, 0, 0, 0, 0, 0, 0, 0, 0] in 0.7 min
10-07 02:39  seed 22 cutmix: rc [0, 0, 0, 0, 0, 0, 0, 0, 0, 0, 0, 0] in 2.3 min
10-07 02:41  seed 22 check: rc [0] in 1.9 min
10-07 02:41  seed 22: training 96 runs, 8 at a time
10-07 02:48  seed 22 fold holes m1: rc 0, 5.7 min
10-07 02:52  seed 22 fold holes diffusion_in_s1: rc 0, 9.3 min
10-07 02:53  seed 22 fold holes diffusion_cross_s1: rc 0, 9.3 min
10-07 02:54  seed 22 fold holes cutmix_s1: rc 0, 9.4 min
10-07 02:54  seed 22 fold holes dtd_s1: rc 0, 9.4 min
10-07 02:55  seed 22 fold holes diffusion_cross_s2: rc 0, 9.6 min
10-07 02:56  seed 22 fold holes dtd_s2: rc 0, 9.8 min
10-07 02:57  seed 22 fold holes diffusion_in_s2: rc 0, 9.4 min
10-07 02:58  seed 22 fold holes cutmix_s2: rc 0, 9.6 min
10-07 03:02  seed 22 fold holes diffusion_in_s3: rc 0, 9.4 min
10-07 03:03  seed 22 fold holes diffusion_cross_s3: rc 0, 9.6 min
10-07 03:04  seed 22 fold holes dtd_s3: rc 0, 9.5 min
10-07 03:05  seed 22 fold holes cutmix_s3: rc 0, 9.6 min
10-07 03:05  seed 22 fold breakage m1: rc 0, 6.1 min
10-07 03:06  seed 22 fold holes diffusion_in_s4: rc 0, 9.5 min
10-07 03:07  seed 22 fold holes diffusion_cross_s4: rc 0, 9.4 min
10-07 03:07  seed 22 fold holes diffusion_cross_s5: rc 0, 9.2 min
10-07 03:12  seed 22 fold breakage diffusion_in_s1: rc 0, 9.6 min
10-07 03:13  seed 22 fold breakage diffusion_cross_s1: rc 0, 9.5 min
10-07 03:15  seed 22 fold breakage dtd_s1: rc 0, 10.1 min
10-07 03:15  seed 22 fold breakage cutmix_s1: rc 0, 9.7 min
10-07 03:16  seed 22 fold breakage diffusion_in_s2: rc 0, 9.7 min
10-07 03:17  seed 22 fold breakage diffusion_cross_s2: rc 0, 10.3 min
10-07 03:18  seed 22 fold breakage dtd_s2: rc 0, 9.8 min
10-07 03:19  seed 22 fold breakage cutmix_s2: rc 0, 10.2 min
10-07 03:23  seed 22 fold breakage diffusion_in_s3: rc 0, 9.2 min
10-07 03:24  seed 22 fold breakage diffusion_cross_s3: rc 0, 9.3 min
10-07 03:25  seed 22 fold burnt m1: rc 0, 4.9 min
10-07 03:25  seed 22 fold breakage dtd_s3: rc 0, 9.6 min
10-07 03:26  seed 22 fold breakage cutmix_s3: rc 0, 9.8 min
10-07 03:27  seed 22 fold breakage diffusion_in_s4: rc 0, 9.3 min
10-07 03:28  seed 22 fold breakage diffusion_cross_s4: rc 0, 9.5 min
10-07 03:28  seed 22 fold breakage diffusion_cross_s5: rc 0, 9.3 min
10-07 03:31  seed 22 fold burnt diffusion_in_s1: rc 0, 7.5 min
10-07 03:32  seed 22 fold burnt diffusion_cross_s1: rc 0, 8.2 min
10-07 03:33  seed 22 fold burnt dtd_s1: rc 0, 8.1 min
10-07 03:34  seed 22 fold burnt cutmix_s1: rc 0, 7.9 min
10-07 03:35  seed 22 fold burnt diffusion_in_s2: rc 0, 8.1 min
10-07 03:36  seed 22 fold burnt diffusion_cross_s2: rc 0, 8.0 min
10-07 03:37  seed 22 fold burnt dtd_s2: rc 0, 8.0 min
10-07 03:37  seed 22 fold burnt cutmix_s2: rc 0, 8.0 min
10-07 03:39  seed 22 fold burnt diffusion_in_s3: rc 0, 7.7 min
10-07 03:41  seed 22 fold burnt diffusion_cross_s3: rc 0, 8.2 min
10-07 03:42  seed 22 fold burnt dtd_s3: rc 0, 7.6 min
10-07 03:43  seed 22 fold burnt cutmix_s3: rc 0, 7.8 min
10-07 03:43  seed 22 fold colour_diff m1: rc 0, 4.8 min
10-07 03:44  seed 22 fold burnt diffusion_in_s4: rc 0, 7.7 min
10-07 03:44  seed 22 fold burnt diffusion_cross_s4: rc 0, 7.6 min
10-07 03:45  seed 22 fold burnt diffusion_cross_s5: rc 0, 7.8 min
10-07 03:47  seed 22 fold colour_diff diffusion_in_s1: rc 0, 7.2 min
10-07 03:50  seed 22 fold colour_diff diffusion_cross_s1: rc 0, 7.4 min
10-07 03:50  seed 22 fold colour_diff dtd_s1: rc 0, 7.3 min
10-07 03:51  seed 22 fold colour_diff cutmix_s1: rc 0, 7.2 min
10-07 03:52  seed 22 fold colour_diff diffusion_in_s2: rc 0, 7.7 min
10-07 03:53  seed 22 fold colour_diff diffusion_cross_s2: rc 0, 7.5 min
10-07 03:53  seed 22 fold colour_diff dtd_s2: rc 0, 7.3 min
10-07 03:54  seed 22 fold colour_diff cutmix_s2: rc 0, 7.3 min
10-07 03:56  seed 22 fold colour_diff diffusion_in_s3: rc 0, 7.7 min
10-07 03:59  seed 22 fold colour_diff diffusion_cross_s3: rc 0, 8.2 min
10-07 03:59  seed 22 fold colour_diff dtd_s3: rc 0, 7.5 min
10-07 04:00  seed 22 fold colour_diff cutmix_s3: rc 0, 7.9 min
10-07 04:00  seed 22 fold colour_same m1: rc 0, 5.2 min
10-07 04:01  seed 22 fold colour_diff diffusion_in_s4: rc 0, 7.6 min
10-07 04:01  seed 22 fold colour_diff diffusion_cross_s4: rc 0, 7.4 min
10-07 04:02  seed 22 fold colour_diff diffusion_cross_s5: rc 0, 7.5 min
10-07 04:04  seed 22 fold colour_same diffusion_in_s1: rc 0, 7.7 min
10-07 04:07  seed 22 fold colour_same diffusion_cross_s1: rc 0, 7.4 min
10-07 04:09  seed 22 fold colour_same cutmix_s1: rc 0, 7.9 min
10-07 04:09  seed 22 fold colour_same dtd_s1: rc 0, 8.7 min
10-07 04:09  seed 22 fold colour_same diffusion_in_s2: rc 0, 7.6 min
10-07 04:10  seed 22 fold colour_same diffusion_cross_s2: rc 0, 7.9 min
10-07 04:11  seed 22 fold colour_same dtd_s2: rc 0, 7.8 min
10-07 04:12  seed 22 fold colour_same cutmix_s2: rc 0, 7.9 min
10-07 04:13  seed 22 fold colour_same diffusion_in_s3: rc 0, 7.6 min
10-07 04:16  seed 22 fold colour_same diffusion_cross_s3: rc 0, 8.0 min
10-07 04:17  seed 22 fold colour_same dtd_s3: rc 0, 7.7 min
10-07 04:18  seed 22 fold colour_same cutmix_s3: rc 0, 7.5 min
10-07 04:19  seed 22 fold scratches m1: rc 0, 5.4 min
10-07 04:19  seed 22 fold colour_same diffusion_in_s4: rc 0, 8.0 min
10-07 04:20  seed 22 fold colour_same diffusion_cross_s4: rc 0, 7.8 min
10-07 04:20  seed 22 fold colour_same diffusion_cross_s5: rc 0, 7.7 min
10-07 04:23  seed 22 fold scratches diffusion_in_s1: rc 0, 8.5 min
10-07 04:25  seed 22 fold scratches diffusion_cross_s1: rc 0, 8.6 min
10-07 04:26  seed 22 fold scratches dtd_s1: rc 0, 8.3 min
10-07 04:28  seed 22 fold scratches cutmix_s1: rc 0, 9.0 min
10-07 04:28  seed 22 fold scratches diffusion_in_s2: rc 0, 8.7 min
10-07 04:29  seed 22 fold scratches diffusion_cross_s2: rc 0, 8.9 min
10-07 04:30  seed 22 fold scratches dtd_s2: rc 0, 8.6 min
10-07 04:30  seed 22 fold scratches cutmix_s2: rc 0, 8.6 min
10-07 04:32  seed 22 fold scratches diffusion_in_s3: rc 0, 8.6 min
10-07 04:34  seed 22 fold scratches diffusion_cross_s3: rc 0, 8.5 min
10-07 04:35  seed 22 fold scratches dtd_s3: rc 0, 8.2 min
10-07 04:37  seed 22 fold scratches cutmix_s3: rc 0, 8.1 min
10-07 04:38  seed 22 fold scratches diffusion_in_s4: rc 0, 8.2 min
10-07 04:38  seed 22 fold scratches diffusion_cross_s4: rc 0, 8.2 min
10-07 04:39  seed 22 fold scratches diffusion_cross_s5: rc 0, 8.3 min
10-07 04:43  seed 33 plan: rc [0] in 3.8 min
10-07 06:26  seed 33 generate: rc [0, 0, 0, 0, 0, 0, 0, 0, 0, 0, 0, 0] in 103.5 min
10-07 06:34  seed 33 refine: rc [0, 0, 0, 0, 0, 0, 0, 0, 0, 0, 0, 0] in 7.1 min
10-07 06:34  seed 33 dtd: rc [0, 0, 0, 0, 0, 0, 0, 0, 0, 0, 0, 0] in 0.7 min
10-07 06:37  seed 33 cutmix: rc [0, 0, 0, 0, 0, 0, 0, 0, 0, 0, 0, 0] in 2.3 min
10-07 06:38  seed 33 check: rc [0] in 1.4 min
10-07 06:38  seed 33: training 96 runs, 8 at a time
10-07 06:48  seed 33 fold holes diffusion_in_s1: rc 0, 9.1 min
10-07 06:49  seed 33 fold holes diffusion_cross_s1: rc 0, 9.3 min
10-07 06:50  seed 33 fold holes dtd_s1: rc 0, 9.5 min
10-07 06:50  seed 33 fold holes m1: rc 0, 5.8 min
10-07 06:51  seed 33 fold holes cutmix_s1: rc 0, 9.9 min
10-07 06:51  seed 33 fold holes diffusion_in_s2: rc 0, 9.4 min
10-07 06:52  seed 33 fold holes diffusion_cross_s2: rc 0, 9.5 min
10-07 06:53  seed 33 fold holes dtd_s2: rc 0, 9.5 min
10-07 06:58  seed 33 fold holes cutmix_s2: rc 0, 9.4 min
10-07 06:59  seed 33 fold holes diffusion_in_s3: rc 0, 9.6 min
10-07 07:00  seed 33 fold holes diffusion_cross_s3: rc 0, 9.8 min
10-07 07:01  seed 33 fold holes dtd_s3: rc 0, 9.3 min
10-07 07:02  seed 33 fold holes cutmix_s3: rc 0, 9.6 min
10-07 07:02  seed 33 fold holes diffusion_in_s4: rc 0, 9.4 min
10-07 07:03  seed 33 fold holes diffusion_cross_s4: rc 0, 9.4 min
10-07 07:04  seed 33 fold holes diffusion_cross_s5: rc 0, 9.4 min
10-07 07:05  seed 33 fold breakage m1: rc 0, 5.8 min
10-07 07:09  seed 33 fold breakage diffusion_in_s1: rc 0, 9.6 min
10-07 07:11  seed 33 fold breakage diffusion_cross_s1: rc 0, 9.8 min
10-07 07:11  seed 33 fold breakage dtd_s1: rc 0, 9.5 min
10-07 07:12  seed 33 fold breakage cutmix_s1: rc 0, 9.9 min
10-07 07:13  seed 33 fold breakage diffusion_in_s2: rc 0, 9.7 min
10-07 07:14  seed 33 fold breakage diffusion_cross_s2: rc 0, 9.8 min
10-07 07:15  seed 33 fold breakage dtd_s2: rc 0, 9.8 min
10-07 07:16  seed 33 fold breakage cutmix_s2: rc 0, 10.3 min
10-07 07:20  seed 33 fold breakage diffusion_in_s3: rc 0, 9.4 min
10-07 07:21  seed 33 fold burnt m1: rc 0, 4.8 min
10-07 07:22  seed 33 fold breakage dtd_s3: rc 0, 9.4 min
10-07 07:22  seed 33 fold breakage diffusion_cross_s3: rc 0, 10.3 min
10-07 07:23  seed 33 fold breakage cutmix_s3: rc 0, 9.6 min
10-07 07:24  seed 33 fold breakage diffusion_in_s4: rc 0, 9.7 min
10-07 07:24  seed 33 fold breakage diffusion_cross_s4: rc 0, 9.4 min
10-07 07:25  seed 33 fold breakage diffusion_cross_s5: rc 0, 9.7 min
10-07 07:28  seed 33 fold burnt diffusion_in_s1: rc 0, 7.8 min
10-07 07:30  seed 33 fold burnt diffusion_cross_s1: rc 0, 7.9 min
10-07 07:31  seed 33 fold burnt dtd_s1: rc 0, 7.7 min
10-07 07:31  seed 33 fold burnt cutmix_s1: rc 0, 7.5 min
10-07 07:32  seed 33 fold burnt diffusion_in_s2: rc 0, 7.6 min
10-07 07:33  seed 33 fold burnt diffusion_cross_s2: rc 0, 7.4 min
10-07 07:33  seed 33 fold burnt dtd_s2: rc 0, 7.4 min
10-07 07:34  seed 33 fold burnt cutmix_s2: rc 0, 7.2 min
10-07 07:36  seed 33 fold burnt diffusion_in_s3: rc 0, 7.5 min
10-07 07:38  seed 33 fold burnt diffusion_cross_s3: rc 0, 7.4 min
10-07 07:39  seed 33 fold burnt dtd_s3: rc 0, 7.1 min
10-07 07:40  seed 33 fold burnt cutmix_s3: rc 0, 7.3 min
10-07 07:40  seed 33 fold colour_diff m1: rc 0, 4.3 min
10-07 07:40  seed 33 fold burnt diffusion_in_s4: rc 0, 7.4 min
10-07 07:41  seed 33 fold burnt diffusion_cross_s4: rc 0, 7.3 min
10-07 07:42  seed 33 fold burnt diffusion_cross_s5: rc 0, 7.1 min
10-07 07:44  seed 33 fold colour_diff diffusion_in_s1: rc 0, 6.7 min
10-07 07:46  seed 33 fold colour_diff diffusion_cross_s1: rc 0, 6.8 min
10-07 07:47  seed 33 fold colour_diff dtd_s1: rc 0, 6.9 min
10-07 07:47  seed 33 fold colour_diff cutmix_s1: rc 0, 6.6 min
10-07 07:48  seed 33 fold colour_diff diffusion_in_s2: rc 0, 7.1 min
10-07 07:49  seed 33 fold colour_diff diffusion_cross_s2: rc 0, 6.8 min
10-07 07:50  seed 33 fold colour_diff dtd_s2: rc 0, 7.1 min
10-07 07:51  seed 33 fold colour_diff cutmix_s2: rc 0, 7.1 min
10-07 07:52  seed 33 fold colour_diff diffusion_in_s3: rc 0, 7.2 min
10-07 07:53  seed 33 fold colour_diff diffusion_cross_s3: rc 0, 6.8 min
10-07 07:55  seed 33 fold colour_diff dtd_s3: rc 0, 7.2 min
10-07 07:55  seed 33 fold colour_diff cutmix_s3: rc 0, 7.1 min
10-07 07:56  seed 33 fold colour_diff diffusion_in_s4: rc 0, 7.0 min
10-07 07:56  seed 33 fold colour_same m1: rc 0, 4.7 min
10-07 07:57  seed 33 fold colour_diff diffusion_cross_s4: rc 0, 7.1 min
10-07 07:58  seed 33 fold colour_diff diffusion_cross_s5: rc 0, 7.3 min
10-07 08:00  seed 33 fold colour_same diffusion_in_s1: rc 0, 7.3 min
10-07 08:02  seed 33 fold colour_same diffusion_cross_s1: rc 0, 7.9 min
10-07 08:03  seed 33 fold colour_same dtd_s1: rc 0, 7.5 min
10-07 08:04  seed 33 fold colour_same cutmix_s1: rc 0, 7.6 min
10-07 08:05  seed 33 fold colour_same diffusion_in_s2: rc 0, 7.7 min
10-07 08:05  seed 33 fold colour_same diffusion_cross_s2: rc 0, 7.7 min
10-07 08:06  seed 33 fold colour_same dtd_s2: rc 0, 7.9 min
10-07 08:08  seed 33 fold colour_same cutmix_s2: rc 0, 8.3 min
10-07 08:08  seed 33 fold colour_same diffusion_in_s3: rc 0, 7.7 min
10-07 08:11  seed 33 fold colour_same diffusion_cross_s3: rc 0, 7.8 min
10-07 08:12  seed 33 fold colour_same dtd_s3: rc 0, 7.9 min
10-07 08:12  seed 33 fold colour_same cutmix_s3: rc 0, 8.1 min
10-07 08:13  seed 33 fold colour_same diffusion_in_s4: rc 0, 8.0 min
10-07 08:14  seed 33 fold scratches m1: rc 0, 5.6 min
10-07 08:14  seed 33 fold colour_same diffusion_cross_s4: rc 0, 7.9 min
10-07 08:15  seed 33 fold colour_same diffusion_cross_s5: rc 0, 8.2 min
10-07 08:18  seed 33 fold scratches diffusion_in_s1: rc 0, 8.7 min
10-07 08:20  seed 33 fold scratches diffusion_cross_s1: rc 0, 8.5 min
10-07 08:21  seed 33 fold scratches dtd_s1: rc 0, 8.3 min
10-07 08:22  seed 33 fold scratches cutmix_s1: rc 0, 8.3 min
10-07 08:23  seed 33 fold scratches diffusion_in_s2: rc 0, 8.6 min
10-07 08:24  seed 33 fold scratches diffusion_cross_s2: rc 0, 8.6 min
10-07 08:24  seed 33 fold scratches dtd_s2: rc 0, 8.5 min
10-07 08:25  seed 33 fold scratches cutmix_s2: rc 0, 8.2 min
10-07 08:27  seed 33 fold scratches diffusion_in_s3: rc 0, 8.4 min
10-07 08:29  seed 33 fold scratches diffusion_cross_s3: rc 0, 8.4 min
10-07 08:29  seed 33 fold scratches dtd_s3: rc 0, 8.1 min
10-07 08:31  seed 33 fold scratches cutmix_s3: rc 0, 8.4 min
10-07 08:32  seed 33 fold scratches diffusion_in_s4: rc 0, 8.0 min
10-07 08:32  seed 33 fold scratches diffusion_cross_s4: rc 0, 8.0 min
10-07 08:33  seed 33 fold scratches diffusion_cross_s5: rc 0, 8.0 min
10-07 08:37  seed 44 plan: rc [0] in 3.6 min
10-07 10:21  seed 44 generate: rc [0, 0, 0, 0, 0, 0, 0, 0, 0, 0, 0, 0] in 104.6 min
10-07 10:29  seed 44 refine: rc [0, 0, 0, 0, 0, 0, 0, 0, 0, 0, 0, 0] in 8.1 min
10-07 10:30  seed 44 dtd: rc [0, 0, 0, 0, 0, 0, 0, 0, 0, 0, 0, 0] in 1.1 min
10-07 10:34  seed 44 cutmix: rc [0, 0, 0, 0, 0, 0, 0, 0, 0, 0, 0, 0] in 3.1 min
10-07 10:39  seed 44 check: rc [0] in 5.7 min
10-07 10:39  seed 44: training 96 runs, 8 at a time
10-07 10:45  seed 44 fold holes m1: rc 0, 5.5 min
10-07 10:49  seed 44 fold holes cutmix_s1: rc 0, 8.4 min
10-07 10:50  seed 44 fold holes diffusion_in_s2: rc 0, 8.5 min
10-07 10:51  seed 44 fold holes dtd_s1: rc 0, 8.6 min
10-07 10:52  seed 44 fold holes diffusion_in_s1: rc 0, 8.6 min
10-07 10:53  seed 44 fold holes diffusion_cross_s2: rc 0, 8.7 min
10-07 10:54  seed 44 fold holes dtd_s2: rc 0, 8.8 min
10-07 10:55  seed 44 fold holes diffusion_cross_s1: rc 0, 9.3 min
10-07 10:56  seed 44 fold holes cutmix_s2: rc 0, 9.2 min
10-07 10:58  seed 44 fold holes diffusion_in_s3: rc 0, 8.4 min
10-07 11:00  seed 44 fold holes diffusion_cross_s3: rc 0, 9.3 min
10-07 11:00  seed 44 fold holes dtd_s3: rc 0, 8.5 min
10-07 11:01  seed 44 fold holes cutmix_s3: rc 0, 8.4 min
10-07 11:02  seed 44 fold breakage m1: rc 0, 5.4 min
10-07 11:02  seed 44 fold holes diffusion_in_s4: rc 0, 9.1 min
10-07 11:03  seed 44 fold holes diffusion_cross_s4: rc 0, 8.6 min
10-07 11:04  seed 44 fold holes diffusion_cross_s5: rc 0, 8.4 min
10-07 11:07  seed 44 fold breakage diffusion_in_s1: rc 0, 8.2 min
10-07 11:09  seed 44 fold breakage diffusion_cross_s1: rc 0, 8.2 min
10-07 11:11  seed 44 fold breakage cutmix_s1: rc 0, 8.4 min
10-07 11:11  seed 44 fold breakage dtd_s1: rc 0, 9.3 min
10-07 11:12  seed 44 fold breakage diffusion_in_s2: rc 0, 8.8 min
10-07 11:12  seed 44 fold breakage diffusion_cross_s2: rc 0, 8.4 min
10-07 11:13  seed 44 fold breakage dtd_s2: rc 0, 8.4 min
10-07 11:14  seed 44 fold breakage cutmix_s2: rc 0, 8.2 min
10-07 11:16  seed 44 fold breakage diffusion_in_s3: rc 0, 8.1 min
10-07 11:18  seed 44 fold breakage diffusion_cross_s3: rc 0, 8.0 min
10-07 11:20  seed 44 fold burnt m1: rc 0, 4.2 min
10-07 11:20  seed 44 fold breakage dtd_s3: rc 0, 8.1 min
10-07 11:20  seed 44 fold breakage cutmix_s3: rc 0, 8.0 min
10-07 11:21  seed 44 fold breakage diffusion_in_s4: rc 0, 8.0 min
10-07 11:22  seed 44 fold breakage diffusion_cross_s4: rc 0, 8.2 min
10-07 11:23  seed 44 fold breakage diffusion_cross_s5: rc 0, 8.1 min
10-07 11:23  seed 44 fold burnt diffusion_in_s1: rc 0, 6.5 min
10-07 11:25  seed 44 fold burnt diffusion_cross_s1: rc 0, 6.7 min
10-07 11:27  seed 44 fold burnt dtd_s1: rc 0, 6.6 min
10-07 11:28  seed 44 fold burnt cutmix_s1: rc 0, 6.9 min
10-07 11:29  seed 44 fold burnt diffusion_in_s2: rc 0, 7.0 min
10-07 11:29  seed 44 fold burnt diffusion_cross_s2: rc 0, 6.7 min
10-07 11:30  seed 44 fold burnt dtd_s2: rc 0, 6.7 min
10-07 11:31  seed 44 fold burnt cutmix_s2: rc 0, 6.7 min
10-07 11:32  seed 44 fold burnt diffusion_in_s3: rc 0, 6.7 min
10-07 11:33  seed 44 fold burnt diffusion_cross_s3: rc 0, 6.4 min
10-07 11:34  seed 44 fold burnt dtd_s3: rc 0, 6.5 min
10-07 11:35  seed 44 fold burnt cutmix_s3: rc 0, 6.6 min
10-07 11:36  seed 44 fold colour_diff m1: rc 0, 4.0 min
10-07 11:36  seed 44 fold burnt diffusion_in_s4: rc 0, 6.6 min
10-07 11:37  seed 44 fold burnt diffusion_cross_s4: rc 0, 6.7 min
10-07 11:38  seed 44 fold burnt diffusion_cross_s5: rc 0, 6.9 min
10-07 11:39  seed 44 fold colour_diff diffusion_in_s1: rc 0, 6.3 min
10-07 11:40  seed 44 fold colour_diff diffusion_cross_s1: rc 0, 6.0 min
10-07 11:41  seed 44 fold colour_diff dtd_s1: rc 0, 6.0 min
10-07 11:42  seed 44 fold colour_diff cutmix_s1: rc 0, 6.3 min
10-07 11:43  seed 44 fold colour_diff diffusion_in_s2: rc 0, 6.4 min
10-07 11:44  seed 44 fold colour_diff diffusion_cross_s2: rc 0, 6.4 min
10-07 11:45  seed 44 fold colour_diff dtd_s2: rc 0, 6.5 min
10-07 11:46  seed 44 fold colour_diff cutmix_s2: rc 0, 6.5 min
10-07 11:46  seed 44 fold colour_diff diffusion_in_s3: rc 0, 6.3 min
10-07 11:47  seed 44 fold colour_diff diffusion_cross_s3: rc 0, 6.4 min
10-07 11:48  seed 44 fold colour_diff dtd_s3: rc 0, 6.1 min
10-07 11:50  seed 44 fold colour_diff cutmix_s3: rc 0, 6.7 min
10-07 11:51  seed 44 fold colour_same m1: rc 0, 4.2 min
10-07 11:51  seed 44 fold colour_diff diffusion_in_s4: rc 0, 6.7 min
10-07 11:51  seed 44 fold colour_diff diffusion_cross_s4: rc 0, 6.6 min
10-07 11:52  seed 44 fold colour_diff diffusion_cross_s5: rc 0, 6.7 min
10-07 11:54  seed 44 fold colour_same diffusion_in_s1: rc 0, 6.6 min
10-07 11:55  seed 44 fold colour_same diffusion_cross_s1: rc 0, 6.7 min
10-07 11:55  seed 44 fold colour_same dtd_s1: rc 0, 6.6 min
10-07 11:57  seed 44 fold colour_same cutmix_s1: rc 0, 6.7 min
10-07 11:58  seed 44 fold colour_same diffusion_in_s2: rc 0, 6.9 min
10-07 11:59  seed 44 fold colour_same diffusion_cross_s2: rc 0, 6.8 min
10-07 12:00  seed 44 fold colour_same dtd_s2: rc 0, 6.8 min
10-07 12:01  seed 44 fold colour_same cutmix_s2: rc 0, 6.7 min
10-07 12:01  seed 44 fold colour_same diffusion_in_s3: rc 0, 6.9 min
10-07 12:02  seed 44 fold colour_same diffusion_cross_s3: rc 0, 6.5 min
10-07 12:03  seed 44 fold colour_same dtd_s3: rc 0, 6.5 min
10-07 12:05  seed 44 fold colour_same cutmix_s3: rc 0, 6.6 min
10-07 12:06  seed 44 fold colour_same diffusion_in_s4: rc 0, 6.7 min
10-07 12:06  seed 44 fold scratches m1: rc 0, 4.6 min
10-07 12:07  seed 44 fold colour_same diffusion_cross_s4: rc 0, 6.8 min
10-07 12:07  seed 44 fold colour_same diffusion_cross_s5: rc 0, 6.8 min
10-07 12:10  seed 44 fold scratches diffusion_in_s1: rc 0, 7.3 min
10-07 12:10  seed 44 fold scratches diffusion_cross_s1: rc 0, 7.1 min
10-07 12:11  seed 44 fold scratches dtd_s1: rc 0, 7.0 min
10-07 12:13  seed 44 fold scratches cutmix_s1: rc 0, 7.2 min
10-07 12:14  seed 44 fold scratches diffusion_in_s2: rc 0, 7.4 min
10-07 12:15  seed 44 fold scratches diffusion_cross_s2: rc 0, 7.4 min
10-07 12:15  seed 44 fold scratches dtd_s2: rc 0, 7.3 min
10-07 12:16  seed 44 fold scratches cutmix_s2: rc 0, 7.3 min
10-07 12:18  seed 44 fold scratches diffusion_in_s3: rc 0, 7.2 min
10-07 12:18  seed 44 fold scratches diffusion_cross_s3: rc 0, 7.0 min
10-07 12:19  seed 44 fold scratches dtd_s3: rc 0, 7.0 min
10-07 12:20  seed 44 fold scratches cutmix_s3: rc 0, 7.0 min
10-07 12:22  seed 44 fold scratches diffusion_in_s4: rc 0, 7.1 min
10-07 12:22  seed 44 fold scratches diffusion_cross_s4: rc 0, 6.8 min
10-07 12:23  seed 44 fold scratches diffusion_cross_s5: rc 0, 6.7 min
10-07 12:26  seed 55 plan: rc [0] in 2.9 min
10-07 14:10  seed 55 generate: rc [0, 0, 0, 0, 0, 0, 0, 0, 0, 0, 0, 0] in 103.9 min
10-07 14:17  seed 55 refine: rc [0, 0, 0, 0, 0, 0, 0, 0, 0, 0, 0, 0] in 6.9 min
10-07 14:17  seed 55 dtd: rc [0, 0, 0, 0, 0, 0, 0, 0, 0, 0, 0, 0] in 0.5 min
10-07 14:19  seed 55 cutmix: rc [0, 0, 0, 0, 0, 0, 0, 0, 0, 0, 0, 0] in 1.9 min
10-07 14:20  seed 55 check: rc [0] in 1.1 min
10-07 14:20  seed 55: training 96 runs, 8 at a time
10-07 14:25  seed 55 fold holes m1: rc 0, 4.5 min
10-07 14:29  seed 55 fold holes diffusion_cross_s1: rc 0, 7.7 min
10-07 14:30  seed 55 fold holes diffusion_in_s1: rc 0, 7.7 min
10-07 14:31  seed 55 fold holes dtd_s1: rc 0, 7.7 min
10-07 14:32  seed 55 fold holes cutmix_s1: rc 0, 7.9 min
10-07 14:33  seed 55 fold holes diffusion_in_s2: rc 0, 7.9 min
10-07 14:33  seed 55 fold holes diffusion_cross_s2: rc 0, 7.8 min
10-07 14:34  seed 55 fold holes dtd_s2: rc 0, 7.8 min
10-07 14:35  seed 55 fold holes cutmix_s2: rc 0, 7.8 min
10-07 14:38  seed 55 fold holes diffusion_in_s3: rc 0, 7.7 min
10-07 14:39  seed 55 fold holes diffusion_cross_s3: rc 0, 7.8 min
10-07 14:40  seed 55 fold holes dtd_s3: rc 0, 7.8 min
10-07 14:41  seed 55 fold holes cutmix_s3: rc 0, 8.0 min
10-07 14:41  seed 55 fold breakage m1: rc 0, 5.0 min
10-07 14:41  seed 55 fold holes diffusion_in_s4: rc 0, 8.0 min
10-07 14:42  seed 55 fold holes diffusion_cross_s4: rc 0, 8.2 min
10-07 14:43  seed 55 fold holes diffusion_cross_s5: rc 0, 7.8 min
10-07 14:46  seed 55 fold breakage diffusion_in_s1: rc 0, 7.8 min
10-07 14:48  seed 55 fold breakage diffusion_cross_s1: rc 0, 8.2 min
10-07 14:48  seed 55 fold breakage dtd_s1: rc 0, 8.2 min
10-07 14:50  seed 55 fold breakage cutmix_s1: rc 0, 8.4 min
10-07 14:51  seed 55 fold breakage diffusion_in_s2: rc 0, 8.5 min
10-07 14:51  seed 55 fold breakage diffusion_cross_s2: rc 0, 8.3 min
10-07 14:52  seed 55 fold breakage dtd_s2: rc 0, 8.3 min
10-07 14:53  seed 55 fold breakage cutmix_s2: rc 0, 8.3 min
10-07 14:55  seed 55 fold breakage diffusion_in_s3: rc 0, 8.1 min
10-07 14:56  seed 55 fold breakage diffusion_cross_s3: rc 0, 8.0 min
10-07 14:57  seed 55 fold breakage dtd_s3: rc 0, 8.1 min
10-07 14:58  seed 55 fold burnt m1: rc 0, 4.1 min
10-07 14:59  seed 55 fold breakage cutmix_s3: rc 0, 8.3 min
10-07 15:00  seed 55 fold breakage diffusion_in_s4: rc 0, 8.1 min
10-07 15:00  seed 55 fold breakage diffusion_cross_s4: rc 0, 8.2 min
10-07 15:01  seed 55 fold breakage diffusion_cross_s5: rc 0, 8.2 min
10-07 15:03  seed 55 fold burnt diffusion_in_s1: rc 0, 6.8 min
10-07 15:04  seed 55 fold burnt diffusion_cross_s1: rc 0, 6.9 min
10-07 15:05  seed 55 fold burnt dtd_s1: rc 0, 7.2 min
10-07 15:06  seed 55 fold burnt cutmix_s1: rc 0, 7.1 min
10-07 15:07  seed 55 fold burnt diffusion_in_s2: rc 0, 7.3 min
10-07 15:07  seed 55 fold burnt diffusion_cross_s2: rc 0, 6.9 min
10-07 15:08  seed 55 fold burnt dtd_s2: rc 0, 7.0 min
10-07 15:09  seed 55 fold burnt cutmix_s2: rc 0, 6.9 min
10-07 15:10  seed 55 fold burnt diffusion_in_s3: rc 0, 6.8 min
10-07 15:12  seed 55 fold burnt diffusion_cross_s3: rc 0, 6.6 min
10-07 15:13  seed 55 fold burnt dtd_s3: rc 0, 6.9 min
10-07 15:14  seed 55 fold burnt cutmix_s3: rc 0, 6.9 min
10-07 15:14  seed 55 fold colour_diff m1: rc 0, 4.0 min
10-07 15:15  seed 55 fold burnt diffusion_in_s4: rc 0, 7.0 min
10-07 15:15  seed 55 fold burnt diffusion_cross_s4: rc 0, 6.8 min
10-07 15:16  seed 55 fold burnt diffusion_cross_s5: rc 0, 6.9 min
10-07 15:18  seed 55 fold colour_diff diffusion_in_s1: rc 0, 6.4 min
10-07 15:19  seed 55 fold colour_diff diffusion_cross_s1: rc 0, 6.7 min
10-07 15:21  seed 55 fold colour_diff dtd_s1: rc 0, 6.8 min
10-07 15:21  seed 55 fold colour_diff cutmix_s1: rc 0, 6.8 min
10-07 15:22  seed 55 fold colour_diff diffusion_in_s2: rc 0, 6.5 min
10-07 15:23  seed 55 fold colour_diff diffusion_cross_s2: rc 0, 6.8 min
10-07 15:23  seed 55 fold colour_diff dtd_s2: rc 0, 6.5 min
10-07 15:24  seed 55 fold colour_diff cutmix_s2: rc 0, 6.5 min
10-07 15:25  seed 55 fold colour_diff diffusion_in_s3: rc 0, 6.7 min
10-07 15:26  seed 55 fold colour_diff diffusion_cross_s3: rc 0, 6.4 min
10-07 15:28  seed 55 fold colour_diff dtd_s3: rc 0, 6.4 min
10-07 15:29  seed 55 fold colour_diff cutmix_s3: rc 0, 6.6 min
10-07 15:30  seed 55 fold colour_same m1: rc 0, 4.4 min
10-07 15:30  seed 55 fold colour_diff diffusion_in_s4: rc 0, 6.9 min
10-07 15:30  seed 55 fold colour_diff diffusion_cross_s4: rc 0, 6.8 min
10-07 15:31  seed 55 fold colour_diff diffusion_cross_s5: rc 0, 6.8 min
10-07 15:33  seed 55 fold colour_same diffusion_in_s1: rc 0, 6.8 min
10-07 15:34  seed 55 fold colour_same diffusion_cross_s1: rc 0, 6.7 min
10-07 15:35  seed 55 fold colour_same dtd_s1: rc 0, 6.4 min
10-07 15:36  seed 55 fold colour_same cutmix_s1: rc 0, 6.7 min
10-07 15:37  seed 55 fold colour_same diffusion_in_s2: rc 0, 6.7 min
10-07 15:38  seed 55 fold colour_same diffusion_cross_s2: rc 0, 6.7 min
10-07 15:39  seed 55 fold colour_same dtd_s2: rc 0, 6.9 min
10-07 15:39  seed 55 fold colour_same cutmix_s2: rc 0, 6.9 min
10-07 15:40  seed 55 fold colour_same diffusion_in_s3: rc 0, 7.0 min
10-07 15:41  seed 55 fold colour_same diffusion_cross_s3: rc 0, 6.8 min
10-07 15:42  seed 55 fold colour_same dtd_s3: rc 0, 6.8 min
10-07 15:44  seed 55 fold colour_same cutmix_s3: rc 0, 6.7 min
10-07 15:44  seed 55 fold colour_same diffusion_in_s4: rc 0, 6.8 min
10-07 15:45  seed 55 fold scratches m1: rc 0, 4.5 min
10-07 15:45  seed 55 fold colour_same diffusion_cross_s4: rc 0, 6.8 min
10-07 15:46  seed 55 fold colour_same diffusion_cross_s5: rc 0, 6.7 min
10-07 15:49  seed 55 fold scratches diffusion_in_s1: rc 0, 7.6 min
10-07 15:49  seed 55 fold scratches diffusion_cross_s1: rc 0, 7.3 min
10-07 15:50  seed 55 fold scratches dtd_s1: rc 0, 7.2 min
10-07 15:52  seed 55 fold scratches cutmix_s1: rc 0, 7.8 min
10-07 15:53  seed 55 fold scratches diffusion_in_s2: rc 0, 8.2 min
10-07 15:54  seed 55 fold scratches diffusion_cross_s2: rc 0, 8.1 min
10-07 15:55  seed 55 fold scratches dtd_s2: rc 0, 8.1 min
10-07 15:56  seed 55 fold scratches cutmix_s2: rc 0, 8.4 min
10-07 15:58  seed 55 fold scratches diffusion_in_s3: rc 0, 8.5 min
10-07 15:59  seed 55 fold scratches diffusion_cross_s3: rc 0, 8.7 min
10-07 16:00  seed 55 fold scratches dtd_s3: rc 0, 8.3 min
10-07 16:01  seed 55 fold scratches cutmix_s3: rc 0, 7.9 min
10-07 16:02  seed 55 fold scratches diffusion_in_s4: rc 0, 7.6 min
